⚠ [9/33] Replayed Theorems.Thm_Erdos302Kernel_isolated_nat
warning: Theorems/Thm_Erdos302Kernel_isolated_nat.lean:7:8: declaration uses `sorry`
⚠ [10/33] Replayed Theorems.Thm_Erdos302Finite_replacement_admissible
warning: Theorems/Thm_Erdos302Finite_replacement_admissible.lean:8:8: declaration uses `sorry`
⚠ [11/33] Replayed Theorems.Thm_Erdos302Extension734_lift_admissible
warning: Theorems/Thm_Erdos302Extension734_lift_admissible.lean:9:8: declaration uses `sorry`
⚠ [12/33] Replayed Theorems.Thm_Erdos302Finite_replacement_cardinal
warning: Theorems/Thm_Erdos302Finite_replacement_cardinal.lean:7:8: declaration uses `sorry`
⚠ [13/33] Replayed Theorems.Thm_Erdos302Extension734_numerical_734_from_731
warning: Theorems/Thm_Erdos302Extension734_numerical_734_from_731.lean:11:8: declaration uses `sorry`
⚠ [14/33] Replayed Theorems.Thm_Erdos302Finite_rat_plateau_732
warning: Theorems/Thm_Erdos302Finite_rat_plateau_732.lean:9:8: declaration uses `sorry`
⚠ [15/33] Replayed Theorems.Thm_Erdos302Extension734_exact_maximum_734_from_733
warning: Theorems/Thm_Erdos302Extension734_exact_maximum_734_from_733.lean:9:8: declaration uses `sorry`
⚠ [16/33] Replayed Theorems.Thm_Erdos302Extension734_numerical_733_from_731
warning: Theorems/Thm_Erdos302Extension734_numerical_733_from_731.lean:11:8: declaration uses `sorry`
⚠ [17/33] Replayed Theorems.Thm_Erdos302Extension734_full_cardinal_domain
warning: Theorems/Thm_Erdos302Extension734_full_cardinal_domain.lean:8:8: declaration uses `sorry`
⚠ [18/33] Replayed Theorems.Thm_Erdos302Extension734_full_domain_nodup
warning: Theorems/Thm_Erdos302Extension734_full_domain_nodup.lean:8:8: declaration uses `sorry`
⚠ [19/33] Replayed Theorems.Thm_Erdos302Extension734_full_domain_membership
warning: Theorems/Thm_Erdos302Extension734_full_domain_membership.lean:8:8: declaration uses `sorry`
✔ [29/33] Built Solutions.Sol_Erdos302Extension734_numerical_734_from_731 (3.6s)
✔ [30/33] Built Solutions.Sol_Erdos302Extension734_numerical_733_from_731 (3.7s)
✔ [31/33] Built Solutions.Sol_Erdos302Extension734_lift_admissible (4.2s)
✔ [32/33] Built Solutions.Sol_Erdos302Extension734_exact_maximum_734_from_733 (4.5s)
Build completed successfully (33 jobs).
