⚠ [24/44] Replayed Theorems.Thm_CollatzWork_YAH_symbolCertificate_cancellation
warning: Theorems/Thm_CollatzWork_YAH_symbolCertificate_cancellation.lean:10:8: declaration uses `sorry`
⚠ [25/44] Replayed Theorems.Thm_CollatzWork_Disproof_twoPumpCoefficientDependencies
warning: Theorems/Thm_CollatzWork_Disproof_twoPumpCoefficientDependencies.lean:6:8: declaration uses `sorry`
⚠ [26/44] Replayed Theorems.Thm_CollatzWork_Disproof_twoPumpConstantObstructionVanishes
warning: Theorems/Thm_CollatzWork_Disproof_twoPumpConstantObstructionVanishes.lean:7:8: declaration uses `sorry`
⚠ [27/44] Replayed Theorems.Thm_CollatzWork_prefixReturnBernoulli
warning: Theorems/Thm_CollatzWork_prefixReturnBernoulli.lean:6:8: declaration uses `sorry`
⚠ [28/44] Replayed Theorems.Thm_CollatzWork_Disproof_BranchingCenter_centerTwoPowerOddNormalFormUnique
warning: Theorems/Thm_CollatzWork_Disproof_BranchingCenter_centerTwoPowerOddNormalFormUnique.lean:7:8: declaration uses `sorry`
⚠ [29/44] Replayed Theorems.Thm_CollatzWork_Disproof_BranchingCenter_branchingCenterEquationRigid
warning: Theorems/Thm_CollatzWork_Disproof_BranchingCenter_branchingCenterEquationRigid.lean:8:8: declaration uses `sorry`
⚠ [30/44] Replayed Theorems.Thm_CollatzWork_mechanicalEnvelope
warning: Theorems/Thm_CollatzWork_mechanicalEnvelope.lean:8:8: declaration uses `sorry`
⚠ [31/44] Replayed Theorems.Thm_CollatzWork_Disproof_FiniteResidueFirstIntegral_commutator_transitive_forces_constant
warning: Theorems/Thm_CollatzWork_Disproof_FiniteResidueFirstIntegral_commutator_transitive_forces_constant.lean:7:8: declaration uses `sorry`
⚠ [32/44] Replayed Theorems.Thm_CollatzWork_YAH_weightedGapSum_pos
warning: Theorems/Thm_CollatzWork_YAH_weightedGapSum_pos.lean:12:8: declaration uses `sorry`
⚠ [34/255] Replayed Theorems.Thm_CollatzWork_YAH_evalCoefficients_weightedCoefficient
warning: Theorems/Thm_CollatzWork_YAH_evalCoefficients_weightedCoefficient.lean:10:8: declaration uses `sorry`
⚠ [35/255] Replayed Theorems.Thm_CollatzWork_YAH_unlabelledCertificate_cancellation
warning: Theorems/Thm_CollatzWork_YAH_unlabelledCertificate_cancellation.lean:10:8: declaration uses `sorry`
⚠ [36/255] Replayed Theorems.Thm_CollatzWork_YAH_yah13_forces_ff_negative
warning: Theorems/Thm_CollatzWork_YAH_yah13_forces_ff_negative.lean:15:8: declaration uses `sorry`
⚠ [37/255] Replayed Theorems.Thm_CollatzWork_parityPrefix_dvd_sub_of_le
warning: Theorems/Thm_CollatzWork_parityPrefix_dvd_sub_of_le.lean:8:8: declaration uses `sorry`
⚠ [38/255] Replayed Theorems.Thm_CollatzWork_prefixCollision
warning: Theorems/Thm_CollatzWork_prefixCollision.lean:9:8: declaration uses `sorry`
⚠ [39/255] Replayed Theorems.Thm_CollatzWork_equalSlopeWitness
warning: Theorems/Thm_CollatzWork_equalSlopeWitness.lean:7:8: declaration uses `sorry`
⚠ [40/255] Replayed Theorems.Thm_CollatzWork_residueAncestor_factor_unit
warning: Theorems/Thm_CollatzWork_residueAncestor_factor_unit.lean:6:8: declaration uses `sorry`
⚠ [41/255] Replayed Theorems.Thm_CollatzWork_affineRecurrenceTelescope
warning: Theorems/Thm_CollatzWork_affineRecurrenceTelescope.lean:6:8: declaration uses `sorry`
⚠ [42/255] Replayed Theorems.Thm_CollatzWork_fixedRatioDivisibility
warning: Theorems/Thm_CollatzWork_fixedRatioDivisibility.lean:8:8: declaration uses `sorry`
⚠ [43/255] Replayed Theorems.Thm_CollatzWork_YAH_unlabelledRows_legal
warning: Theorems/Thm_CollatzWork_YAH_unlabelledRows_legal.lean:10:8: declaration uses `sorry`
⚠ [44/255] Replayed Theorems.Thm_CollatzWork_prefixSeparation
warning: Theorems/Thm_CollatzWork_prefixSeparation.lean:9:8: declaration uses `sorry`
⚠ [45/255] Replayed Theorems.Thm_CollatzWork_YAH_noTwoStateSymbolCertificateOrientation
warning: Theorems/Thm_CollatzWork_YAH_noTwoStateSymbolCertificateOrientation.lean:15:8: declaration uses `sorry`
⚠ [46/255] Replayed Theorems.Thm_CollatzWork_YAH_noTwoStateSymbolAdditiveOrder
warning: Theorems/Thm_CollatzWork_YAH_noTwoStateSymbolAdditiveOrder.lean:13:8: declaration uses `sorry`
⚠ [47/255] Replayed Theorems.Thm_CollatzWork_YAH_edgeCertificate_cancellation
warning: Theorems/Thm_CollatzWork_YAH_edgeCertificate_cancellation.lean:11:8: declaration uses `sorry`
⚠ [48/255] Replayed Theorems.Thm_CollatzWork_YAH_noTwoStateEdgeCertificateOrientation
warning: Theorems/Thm_CollatzWork_YAH_noTwoStateEdgeCertificateOrientation.lean:15:8: declaration uses `sorry`
⚠ [49/255] Replayed Theorems.Thm_CollatzWork_Disproof_quotientDegreesVanish
warning: Theorems/Thm_CollatzWork_Disproof_quotientDegreesVanish.lean:6:8: declaration uses `sorry`
⚠ [50/255] Replayed Theorems.Thm_CollatzWork_YAH_symbolCertificate_shape
warning: Theorems/Thm_CollatzWork_YAH_symbolCertificate_shape.lean:10:8: declaration uses `sorry`
⚠ [51/255] Replayed Theorems.Thm_CollatzWork_mechanicalCoarseBound
warning: Theorems/Thm_CollatzWork_mechanicalCoarseBound.lean:8:8: declaration uses `sorry`
⚠ [52/255] Replayed Theorems.Thm_CollatzWork_orbitAffine
warning: Theorems/Thm_CollatzWork_orbitAffine.lean:9:8: declaration uses `sorry`
⚠ [53/255] Replayed Theorems.Thm_CollatzWork_firstContractionThirdGap
warning: Theorems/Thm_CollatzWork_firstContractionThirdGap.lean:12:8: declaration uses `sorry`
⚠ [54/255] Replayed Theorems.Thm_CollatzWork_affineQuarterCertificate
warning: Theorems/Thm_CollatzWork_affineQuarterCertificate.lean:7:8: declaration uses `sorry`
⚠ [55/255] Replayed Theorems.Thm_CollatzWork_firstContraction_quarter_of_certificate
warning: Theorems/Thm_CollatzWork_firstContraction_quarter_of_certificate.lean:11:8: declaration uses `sorry`
⚠ [56/255] Replayed Theorems.Thm_CollatzWork_blockNumerator12_exact_bound
warning: Theorems/Thm_CollatzWork_blockNumerator12_exact_bound.lean:7:8: declaration uses `sorry`
⚠ [57/255] Replayed Theorems.Thm_CollatzWork_floorPower_mul
warning: Theorems/Thm_CollatzWork_floorPower_mul.lean:7:8: declaration uses `sorry`
⚠ [58/255] Replayed Theorems.Thm_CollatzWork_mechanical_twelve_identity
warning: Theorems/Thm_CollatzWork_mechanical_twelve_identity.lean:10:8: declaration uses `sorry`
⚠ [59/255] Replayed Theorems.Thm_CollatzWork_mechanical_twelve_propagation
warning: Theorems/Thm_CollatzWork_mechanical_twelve_propagation.lean:11:8: declaration uses `sorry`
⚠ [60/255] Replayed Theorems.Thm_CollatzWork_mechanical_large_bound
warning: Theorems/Thm_CollatzWork_mechanical_large_bound.lean:9:8: declaration uses `sorry`
⚠ [61/255] Replayed Theorems.Thm_CollatzWork_universalMechanicalQuarterCertificate
warning: Theorems/Thm_CollatzWork_universalMechanicalQuarterCertificate.lean:9:8: declaration uses `sorry`
⚠ [62/255] Replayed Theorems.Thm_CollatzWork_firstContractionQuarterGap
warning: Theorems/Thm_CollatzWork_firstContractionQuarterGap.lean:12:8: declaration uses `sorry`
⚠ [63/255] Replayed Theorems.Thm_BlindCollatz_RepetitionBound_telescope
warning: Theorems/Thm_BlindCollatz_RepetitionBound_telescope.lean:6:8: declaration uses `sorry`
⚠ [64/255] Replayed Theorems.Thm_BlindCollatz_RepetitionBound_affine_repetition_bound
warning: Theorems/Thm_BlindCollatz_RepetitionBound_affine_repetition_bound.lean:7:8: declaration uses `sorry`
⚠ [65/255] Replayed Theorems.Thm_CollatzWork_Disproof_twoPowerOddNormalFormUnique
warning: Theorems/Thm_CollatzWork_Disproof_twoPowerOddNormalFormUnique.lean:7:8: declaration uses `sorry`
⚠ [66/255] Replayed Theorems.Thm_CollatzWork_excursionBudgetDescent
warning: Theorems/Thm_CollatzWork_excursionBudgetDescent.lean:8:8: declaration uses `sorry`
⚠ [67/255] Replayed Theorems.Thm_CollatzWork_Disproof_firstRotatedDeterminantCoefficients
warning: Theorems/Thm_CollatzWork_Disproof_firstRotatedDeterminantCoefficients.lean:6:8: declaration uses `sorry`
⚠ [68/255] Replayed Theorems.Thm_CollatzWork_YAH_symbolCertificate_canonically_embeddable
warning: Theorems/Thm_CollatzWork_YAH_symbolCertificate_canonically_embeddable.lean:10:8: declaration uses `sorry`
⚠ [69/255] Replayed Theorems.Thm_BlindCollatz_AlternatingGrowth_arbitrarily_long_expansion
warning: Theorems/Thm_BlindCollatz_AlternatingGrowth_arbitrarily_long_expansion.lean:7:8: declaration uses `sorry`
⚠ [70/255] Replayed Theorems.Thm_CollatzWork_YAH_twoState_rule_equations
warning: Theorems/Thm_CollatzWork_YAH_twoState_rule_equations.lean:9:8: declaration uses `sorry`
⚠ [71/255] Replayed Theorems.Thm_CollatzWork_finitePalette_path_obstruction
warning: Theorems/Thm_CollatzWork_finitePalette_path_obstruction.lean:6:8: declaration uses `sorry`
⚠ [72/255] Replayed Theorems.Thm_CollatzWork_mechanical_fifteen_failure
warning: Theorems/Thm_CollatzWork_mechanical_fifteen_failure.lean:11:8: declaration uses `sorry`
⚠ [73/255] Replayed Theorems.Thm_BlindCollatz_descent_iff_convergence
warning: Theorems/Thm_BlindCollatz_descent_iff_convergence.lean:7:8: declaration uses `sorry`
⚠ [74/255] Replayed Theorems.Thm_BlindCollatz_AlternatingGrowth_goodBlocks_each_block_grows
warning: Theorems/Thm_BlindCollatz_AlternatingGrowth_goodBlocks_each_block_grows.lean:7:8: declaration uses `sorry`
⚠ [75/255] Replayed Theorems.Thm_BlindCollatz_RepetitionBound_alternating_repetition_bound
warning: Theorems/Thm_BlindCollatz_RepetitionBound_alternating_repetition_bound.lean:7:8: declaration uses `sorry`
⚠ [76/255] Replayed Theorems.Thm_CollatzWork_YAH_noBoundedBelowCanonicalFFPumpWords
warning: Theorems/Thm_CollatzWork_YAH_noBoundedBelowCanonicalFFPumpWords.lean:13:8: declaration uses `sorry`
⚠ [77/255] Replayed Theorems.Thm_CollatzWork_YAH_edgeCertificate_canonically_embeddable
warning: Theorems/Thm_CollatzWork_YAH_edgeCertificate_canonically_embeddable.lean:11:8: declaration uses `sorry`
⚠ [78/255] Replayed Theorems.Thm_CollatzWork_YAH_edgeCertificate_shape
warning: Theorems/Thm_CollatzWork_YAH_edgeCertificate_shape.lean:10:8: declaration uses `sorry`
⚠ [79/255] Replayed Theorems.Thm_CollatzWork_firstContractionTime
warning: Theorems/Thm_CollatzWork_firstContractionTime.lean:9:8: declaration uses `sorry`
⚠ [80/255] Replayed Theorems.Thm_BlindCollatz_RepetitionBound_no_infinite_alternating_blocks
warning: Theorems/Thm_BlindCollatz_RepetitionBound_no_infinite_alternating_blocks.lean:7:8: declaration uses `sorry`
⚠ [81/255] Replayed Theorems.Thm_CollatzWork_twoBurst_power_margin
warning: Theorems/Thm_CollatzWork_twoBurst_power_margin.lean:6:8: declaration uses `sorry`
⚠ [82/255] Replayed Theorems.Thm_CollatzWork_YAH_noTwoStateEdgeAdditiveOrder
warning: Theorems/Thm_CollatzWork_YAH_noTwoStateEdgeAdditiveOrder.lean:13:8: declaration uses `sorry`
⚠ [83/255] Replayed Theorems.Thm_CollatzWork_finiteRepetitionBound
warning: Theorems/Thm_CollatzWork_finiteRepetitionBound.lean:8:8: declaration uses `sorry`
⚠ [84/255] Replayed Theorems.Thm_CollatzWork_noInfinitePositiveRecurrence
warning: Theorems/Thm_CollatzWork_noInfinitePositiveRecurrence.lean:8:8: declaration uses `sorry`
⚠ [85/255] Replayed Theorems.Thm_CollatzWork_noInfiniteExpandingAffineBlocks
warning: Theorems/Thm_CollatzWork_noInfiniteExpandingAffineBlocks.lean:8:8: declaration uses `sorry`
⚠ [86/255] Replayed Theorems.Thm_BlindCollatz_AlternatingGrowth_ordinary_five
warning: Theorems/Thm_BlindCollatz_AlternatingGrowth_ordinary_five.lean:7:8: declaration uses `sorry`
⚠ [87/255] Replayed Theorems.Thm_CollatzWork_YAH_ffPumpWord_canonical
warning: Theorems/Thm_CollatzWork_YAH_ffPumpWord_canonical.lean:12:8: declaration uses `sorry`
⚠ [88/255] Replayed Theorems.Thm_CollatzWork_equalSlopeSmaller
warning: Theorems/Thm_CollatzWork_equalSlopeSmaller.lean:7:8: declaration uses `sorry`
⚠ [89/255] Replayed Theorems.Thm_BlindCollatz_AlternatingGrowth_odd_exponents_one_two
warning: Theorems/Thm_BlindCollatz_AlternatingGrowth_odd_exponents_one_two.lean:6:8: declaration uses `sorry`
⚠ [90/255] Replayed Theorems.Thm_CollatzWork_YAH_unlabelledRows_semantic
warning: Theorems/Thm_CollatzWork_YAH_unlabelledRows_semantic.lean:10:8: declaration uses `sorry`
⚠ [91/255] Replayed Theorems.Thm_CollatzWork_prefixReturnNumericalBound
warning: Theorems/Thm_CollatzWork_prefixReturnNumericalBound.lean:8:8: declaration uses `sorry`
⚠ [92/255] Replayed Theorems.Thm_CollatzWork_Disproof_twoPumpSyzygy
warning: Theorems/Thm_CollatzWork_Disproof_twoPumpSyzygy.lean:6:8: declaration uses `sorry`
⚠ [93/255] Replayed Theorems.Thm_CollatzWork_Disproof_noNonresonantContentGain
warning: Theorems/Thm_CollatzWork_Disproof_noNonresonantContentGain.lean:8:8: declaration uses `sorry`
⚠ [94/255] Replayed Theorems.Thm_CollatzWork_Disproof_secondRotatedDeterminantCoefficients
warning: Theorems/Thm_CollatzWork_Disproof_secondRotatedDeterminantCoefficients.lean:6:8: declaration uses `sorry`
⚠ [95/255] Replayed Theorems.Thm_CollatzWork_YAH_unlabelledCertificate_shape
warning: Theorems/Thm_CollatzWork_YAH_unlabelledCertificate_shape.lean:10:8: declaration uses `sorry`
⚠ [96/255] Replayed Theorems.Thm_BlindCollatz_RepetitionBound_no_infinite_expanding_affine_blocks
warning: Theorems/Thm_BlindCollatz_RepetitionBound_no_infinite_expanding_affine_blocks.lean:7:8: declaration uses `sorry`
⚠ [97/255] Replayed Theorems.Thm_BlindCollatz_AlternatingGrowth_shortcut_three_eq_ordinary_five
warning: Theorems/Thm_BlindCollatz_AlternatingGrowth_shortcut_three_eq_ordinary_five.lean:8:8: declaration uses `sorry`
⚠ [98/255] Replayed Theorems.Thm_CollatzWork_affineRepetitionBound
warning: Theorems/Thm_CollatzWork_affineRepetitionBound.lean:8:8: declaration uses `sorry`
⚠ [117/255] Replayed Solutions.Sol_CollatzWork_mechanicalCoarseBound
warning: Solutions/Sol_CollatzWork_mechanicalCoarseBound.lean:23:43: This simp argument is unused:
  Nat.mul_add

Hint: Omit it from the simp argument list.
  [apply] simp [Nat.pow_succ, Nat.add_mul, Nat.mul_assoc, Nat.mul_comm, Nat.mul_left_comm]

Note: This linter can be disabled with `set_option linter.unusedSimpArgs false`
warning: Solutions/Sol_CollatzWork_mechanicalCoarseBound.lean:23:56: This simp argument is unused:
  Nat.mul_assoc

Hint: Omit it from the simp argument list.
  [apply] simp [Nat.pow_succ, Nat.add_mul, Nat.mul_add, Nat.mul_comm, Nat.mul_left_comm]

Note: This linter can be disabled with `set_option linter.unusedSimpArgs false`
⚠ [133/255] Replayed Solutions.Sol_CollatzWork_floorPower_mul
warning: Solutions/Sol_CollatzWork_floorPower_mul.lean:40:20: This simp argument is unused:
  Nat.mul_left_comm

Hint: Omit it from the simp argument list.
  [apply] simp only [Nat.pow_add, Nat.pow_succ, Nat.mul_assoc, Nat.mul_comm]

Note: This linter can be disabled with `set_option linter.unusedSimpArgs false`
⚠ [151/255] Replayed Solutions.Sol_CollatzWork_twoBurst_power_margin
warning: Solutions/Sol_CollatzWork_twoBurst_power_margin.lean:70:43: This simp argument is unused:
  Nat.mul_left_comm

Hint: Omit it from the simp argument list.
  [apply] simp [Nat.mul_assoc, Nat.mul_comm]

Note: This linter can be disabled with `set_option linter.unusedSimpArgs false`
⚠ [158/255] Replayed Solutions.Sol_CollatzWork_orbitAffine
warning: Solutions/Sol_CollatzWork_orbitAffine.lean:83:49: This simp argument is unused:
  Nat.mul_assoc

Hint: Omit it from the simp argument list.
  [apply] simp [Nat.pow_succ, Nat.mul_add, Nat.mul_comm, Nat.mul_left_comm, Nat.add_assoc]

Note: This linter can be disabled with `set_option linter.unusedSimpArgs false`
⚠ [169/255] Replayed Solutions.Sol_CollatzWork_blockNumerator12_exact_bound
warning: Solutions/Sol_CollatzWork_blockNumerator12_exact_bound.lean:8:30: Variable name `hB` is not explicitly referenced.

Hint: The binding can be removed (if unused) or named `_` (if used implicitly). Alternatively, prefix the name with `_` to silence this warning:
  [apply] _hB

Note: This linter can be disabled with `set_option linter.unusedVariables false`
✔ [174/255] Built Definitions.Def_CollatzWork_RefinedMersenneChild (1.9s)
✔ [176/255] Built Solutions.Sol_CollatzWork_converges_shortcutIter_iff (5.1s)
✔ [177/255] Built Solutions.Sol_CollatzWork_refinedChild_arithmetic (5.9s)
✔ [178/255] Built Solutions.Sol_CollatzWork_shortcutIter_OOE (5.9s)
✔ [179/255] Built Solutions.Sol_CollatzWork_oddRun (5.9s)
✔ [180/255] Built Solutions.Sol_CollatzWork_terminalEnvelope_compose (6.2s)
✔ [181/255] Built Solutions.Sol_CollatzWork_compatibleProduct_mod_four (6.3s)
✔ [182/255] Built Solutions.Sol_CollatzWork_residueAncestor_tail65 (6.4s)
✔ [183/255] Built Solutions.Sol_CollatzWork_residueAncestor_tail173 (6.2s)
✔ [184/255] Built Solutions.Sol_CollatzWork_residueAncestor_tail11 (6.4s)
✔ [185/255] Built Solutions.Sol_CollatzWork_shiftedEnvelope_compose (4.5s)
⚠ [186/255] Built Theorems.Thm_CollatzWork_shiftedEnvelope_compose (4.5s)
warning: Theorems/Thm_CollatzWork_shiftedEnvelope_compose.lean:9:8: declaration uses `sorry`
⚠ [187/255] Built Theorems.Thm_CollatzWork_terminalEnvelope_compose (4.6s)
warning: Theorems/Thm_CollatzWork_terminalEnvelope_compose.lean:9:8: declaration uses `sorry`
⚠ [188/255] Built Theorems.Thm_CollatzWork_residueAncestor_tail65 (4.4s)
warning: Theorems/Thm_CollatzWork_residueAncestor_tail65.lean:9:8: declaration uses `sorry`
⚠ [189/255] Built Theorems.Thm_CollatzWork_residueAncestor_tail11 (4.5s)
warning: Theorems/Thm_CollatzWork_residueAncestor_tail11.lean:9:8: declaration uses `sorry`
⚠ [190/255] Built Theorems.Thm_CollatzWork_shortcutIter_OOE (4.9s)
warning: Theorems/Thm_CollatzWork_shortcutIter_OOE.lean:9:8: declaration uses `sorry`
⚠ [191/255] Built Theorems.Thm_CollatzWork_residueAncestor_tail92 (4.0s)
warning: Theorems/Thm_CollatzWork_residueAncestor_tail92.lean:9:8: declaration uses `sorry`
✔ [192/255] Built Solutions.Sol_CollatzWork_residueAncestor_tail38 (5.7s)
✔ [193/255] Built Solutions.Sol_CollatzWork_residueAncestor_tail92 (6.2s)
⚠ [194/255] Built Theorems.Thm_CollatzWork_residueAncestor_tail38 (4.7s)
warning: Theorems/Thm_CollatzWork_residueAncestor_tail38.lean:9:8: declaration uses `sorry`
⚠ [195/255] Built Theorems.Thm_CollatzWork_oddRun (4.3s)
warning: Theorems/Thm_CollatzWork_oddRun.lean:9:8: declaration uses `sorry`
⚠ [196/255] Built Theorems.Thm_CollatzWork_refinedChild_arithmetic (4.4s)
warning: Theorems/Thm_CollatzWork_refinedChild_arithmetic.lean:7:8: declaration uses `sorry`
⚠ [197/255] Built Theorems.Thm_CollatzWork_converges_shortcutIter_iff (4.5s)
warning: Theorems/Thm_CollatzWork_converges_shortcutIter_iff.lean:9:8: declaration uses `sorry`
⚠ [198/255] Built Theorems.Thm_CollatzWork_residueAncestor_tail173 (4.6s)
warning: Theorems/Thm_CollatzWork_residueAncestor_tail173.lean:9:8: declaration uses `sorry`
⚠ [199/255] Built Theorems.Thm_CollatzWork_compatibleProduct_mod_four (4.8s)
warning: Theorems/Thm_CollatzWork_compatibleProduct_mod_four.lean:7:8: declaration uses `sorry`
⚠ [200/255] Built Solutions.Sol_CollatzWork_excursionChainEnvelope (4.8s)
warning: Solutions/Sol_CollatzWork_excursionChainEnvelope.lean:15:70: This simp argument is unused:
  shortcutIter

Hint: Omit it from the simp argument list.
  [apply] simp [excursionDenominator, excursionNumerator, excursionSteps]

Note: This linter can be disabled with `set_option linter.unusedSimpArgs false`
⚠ [201/255] Built Theorems.Thm_CollatzWork_excursionChainEnvelope (4.6s)
warning: Theorems/Thm_CollatzWork_excursionChainEnvelope.lean:9:8: declaration uses `sorry`
⚠ [202/255] Built Theorems.Thm_CollatzWork_rootDescentBurst (4.9s)
warning: Theorems/Thm_CollatzWork_rootDescentBurst.lean:11:8: declaration uses `sorry`
✔ [203/255] Built Solutions.Sol_CollatzWork_rootDescentBurst (5.3s)
⚠ [204/255] Built Theorems.Thm_CollatzWork_residueAncestor_refinedTail (4.3s)
warning: Theorems/Thm_CollatzWork_residueAncestor_refinedTail.lean:12:8: declaration uses `sorry`
⚠ [205/255] Built Theorems.Thm_CollatzWork_mersenne_prefix_nondecreasing (4.6s)
warning: Theorems/Thm_CollatzWork_mersenne_prefix_nondecreasing.lean:10:8: declaration uses `sorry`
⚠ [206/255] Built Theorems.Thm_CollatzWork_rootDescentAncestor (4.8s)
warning: Theorems/Thm_CollatzWork_rootDescentAncestor.lean:11:8: declaration uses `sorry`
✔ [207/255] Built Solutions.Sol_CollatzWork_rootDescentAncestor (5.2s)
✔ [208/255] Built Solutions.Sol_CollatzWork_converges_iff_of_coalesces (4.4s)
✔ [209/255] Built Solutions.Sol_CollatzWork_mersenne_prefix_nondecreasing (5.7s)
⚠ [210/255] Built Theorems.Thm_CollatzWork_converges_iff_of_coalesces (5.4s)
warning: Theorems/Thm_CollatzWork_converges_iff_of_coalesces.lean:8:8: declaration uses `sorry`
✔ [211/255] Built Solutions.Sol_CollatzWork_residueAncestor_refinedTail (7.4s)
⚠ [212/255] Built Theorems.Thm_CollatzWork_refinedChild_iter (4.4s)
warning: Theorems/Thm_CollatzWork_refinedChild_iter.lean:11:8: declaration uses `sorry`
⚠ [213/255] Built Theorems.Thm_CollatzWork_refinedParent_iter (4.6s)
warning: Theorems/Thm_CollatzWork_refinedParent_iter.lean:11:8: declaration uses `sorry`
✔ [214/255] Built Solutions.Sol_CollatzWork_refinedParent_iter (5.3s)
✔ [215/255] Built Solutions.Sol_CollatzWork_excursionChain_terminal_descent (5.2s)
⚠ [216/255] Built Theorems.Thm_CollatzWork_excursionChain_terminal_descent (5.4s)
warning: Theorems/Thm_CollatzWork_excursionChain_terminal_descent.lean:11:8: declaration uses `sorry`
⚠ [217/255] Built Theorems.Thm_CollatzWork_rootDescent (5.5s)
warning: Theorems/Thm_CollatzWork_rootDescent.lean:11:8: declaration uses `sorry`
✔ [218/255] Built Solutions.Sol_CollatzWork_refinedChild_iter (7.7s)
⚠ [219/255] Built Theorems.Thm_CollatzWork_twoBurstDescent (5.4s)
warning: Theorems/Thm_CollatzWork_twoBurstDescent.lean:12:8: declaration uses `sorry`
⚠ [220/255] Built Theorems.Thm_CollatzWork_finitePaletteObstruction (3.0s)
warning: Theorems/Thm_CollatzWork_finitePaletteObstruction.lean:12:8: declaration uses `sorry`
✔ [221/255] Built Solutions.Sol_CollatzWork_rootDescent (5.9s)
✔ [222/255] Built Solutions.Sol_CollatzWork_finitePaletteObstruction (5.6s)
✔ [223/255] Built Solutions.Sol_CollatzWork_residueAncestor_prefix_two (5.1s)
⚠ [224/255] Built Theorems.Thm_CollatzWork_residueAncestor_prefix_one (5.1s)
warning: Theorems/Thm_CollatzWork_residueAncestor_prefix_one.lean:8:8: declaration uses `sorry`
✔ [225/255] Built Solutions.Sol_CollatzWork_residueAncestor_prefix_one (6.1s)
⚠ [226/255] Built Theorems.Thm_CollatzWork_allPositiveConverge_of_smallerCoalescence (3.9s)
warning: Theorems/Thm_CollatzWork_allPositiveConverge_of_smallerCoalescence.lean:8:8: declaration uses `sorry`
✔ [227/255] Built Solutions.Sol_CollatzWork_twoBurstDescent (9.2s)
✔ [228/255] Built Solutions.Sol_CollatzWork_allPositiveConverge_of_smallerCoalescence (4.7s)
⚠ [229/255] Built Theorems.Thm_CollatzWork_residueAncestor_prefix_two (5.2s)
warning: Theorems/Thm_CollatzWork_residueAncestor_prefix_two.lean:8:8: declaration uses `sorry`
✔ [230/255] Built Solutions.Sol_CollatzWork_refinedMersenneChild_coalesces (4.2s)
⚠ [231/255] Built Theorems.Thm_CollatzWork_refinedMersenneChild_coalesces (4.6s)
warning: Theorems/Thm_CollatzWork_refinedMersenneChild_coalesces.lean:10:8: declaration uses `sorry`
⚠ [232/255] Built Theorems.Thm_CollatzWork_excursionChain_converges_of_smaller (4.3s)
warning: Theorems/Thm_CollatzWork_excursionChain_converges_of_smaller.lean:11:8: declaration uses `sorry`
✔ [233/255] Built Solutions.Sol_CollatzWork_excursionChain_converges_of_smaller (4.3s)
⚠ [234/255] Built Theorems.Thm_CollatzWork_rootDescent_converges_of_smaller (4.4s)
warning: Theorems/Thm_CollatzWork_rootDescent_converges_of_smaller.lean:9:8: declaration uses `sorry`
✔ [235/255] Built Solutions.Sol_CollatzWork_rootDescent_converges_of_smaller (4.7s)
✔ [236/255] Built Solutions.Sol_CollatzWork_twoBurst_converges_of_smaller (4.6s)
⚠ [237/255] Built Theorems.Thm_CollatzWork_twoBurst_converges_of_smaller (4.8s)
warning: Theorems/Thm_CollatzWork_twoBurst_converges_of_smaller.lean:9:8: declaration uses `sorry`
✔ [238/255] Built Solutions.Sol_CollatzWork_descentCriterion (5.0s)
✔ [239/255] Built Solutions.Sol_CollatzWork_smallerCoalescenceCriterion (4.4s)
⚠ [240/255] Built Theorems.Thm_CollatzWork_smallerCoalescenceCriterion (4.3s)
warning: Theorems/Thm_CollatzWork_smallerCoalescenceCriterion.lean:8:8: declaration uses `sorry`
⚠ [241/255] Built Theorems.Thm_CollatzWork_descentCriterion (4.5s)
warning: Theorems/Thm_CollatzWork_descentCriterion.lean:8:8: declaration uses `sorry`
⚠ [242/255] Built Theorems.Thm_CollatzWork_residueAncestor_normalized (4.4s)
warning: Theorems/Thm_CollatzWork_residueAncestor_normalized.lean:12:8: declaration uses `sorry`
⚠ [243/255] Built Theorems.Thm_CollatzWork_refinedParent_converges_iff_child (3.7s)
warning: Theorems/Thm_CollatzWork_refinedParent_converges_iff_child.lean:10:8: declaration uses `sorry`
✔ [244/255] Built Solutions.Sol_CollatzWork_refinedParent_converges_iff_child (3.7s)
✔ [245/255] Built Solutions.Sol_CollatzWork_refinedParent_has_smaller_coalescence (3.8s)
⚠ [246/255] Built Theorems.Thm_CollatzWork_refinedParent_has_smaller_coalescence (3.6s)
warning: Theorems/Thm_CollatzWork_refinedParent_has_smaller_coalescence.lean:10:8: declaration uses `sorry`
⚠ [247/255] Built Theorems.Thm_CollatzWork_residueAncestor (2.6s)
warning: Theorems/Thm_CollatzWork_residueAncestor.lean:8:8: declaration uses `sorry`
⚠ [248/255] Built Theorems.Thm_CollatzWork_refinedParent_converges_of_smaller (2.5s)
warning: Theorems/Thm_CollatzWork_refinedParent_converges_of_smaller.lean:10:8: declaration uses `sorry`
✔ [249/255] Built Solutions.Sol_CollatzWork_refinedParent_converges_of_smaller (2.5s)
✔ [250/255] Built Solutions.Sol_CollatzWork_residueAncestor (3.1s)
⚠ [251/255] Built Theorems.Thm_CollatzWork_residueAncestor_of_divisibility (1.0s)
warning: Theorems/Thm_CollatzWork_residueAncestor_of_divisibility.lean:10:8: declaration uses `sorry`
✔ [253/255] Built Solutions.Sol_CollatzWork_residueAncestor_of_divisibility (2.1s)
✔ [254/255] Built Solutions.Sol_CollatzWork_residueAncestor_normalized (29s)
Build completed successfully (255 jobs).
