⚠ [24/255] Replayed Theorems.Thm_CollatzWork_residueAncestor_tail173
warning: Theorems/Thm_CollatzWork_residueAncestor_tail173.lean:9:8: declaration uses `sorry`
⚠ [25/255] Replayed Theorems.Thm_CollatzWork_oddRun
warning: Theorems/Thm_CollatzWork_oddRun.lean:9:8: declaration uses `sorry`
⚠ [26/255] Replayed Theorems.Thm_CollatzWork_rootDescentAncestor
warning: Theorems/Thm_CollatzWork_rootDescentAncestor.lean:11:8: declaration uses `sorry`
⚠ [27/255] Replayed Theorems.Thm_CollatzWork_residueAncestor_prefix_one
warning: Theorems/Thm_CollatzWork_residueAncestor_prefix_one.lean:8:8: declaration uses `sorry`
⚠ [28/255] Replayed Theorems.Thm_CollatzWork_residueAncestor_prefix_two
warning: Theorems/Thm_CollatzWork_residueAncestor_prefix_two.lean:8:8: declaration uses `sorry`
⚠ [29/255] Replayed Theorems.Thm_CollatzWork_residueAncestor_tail38
warning: Theorems/Thm_CollatzWork_residueAncestor_tail38.lean:9:8: declaration uses `sorry`
⚠ [30/255] Replayed Theorems.Thm_CollatzWork_residueAncestor_tail65
warning: Theorems/Thm_CollatzWork_residueAncestor_tail65.lean:9:8: declaration uses `sorry`
⚠ [31/255] Replayed Theorems.Thm_CollatzWork_residueAncestor_tail11
warning: Theorems/Thm_CollatzWork_residueAncestor_tail11.lean:9:8: declaration uses `sorry`
⚠ [32/255] Replayed Theorems.Thm_CollatzWork_residueAncestor_tail92
warning: Theorems/Thm_CollatzWork_residueAncestor_tail92.lean:9:8: declaration uses `sorry`
⚠ [33/255] Replayed Theorems.Thm_CollatzWork_residueAncestor_refinedTail
warning: Theorems/Thm_CollatzWork_residueAncestor_refinedTail.lean:12:8: declaration uses `sorry`
⚠ [34/255] Replayed Theorems.Thm_CollatzWork_residueAncestor_normalized
warning: Theorems/Thm_CollatzWork_residueAncestor_normalized.lean:12:8: declaration uses `sorry`
⚠ [35/255] Replayed Theorems.Thm_CollatzWork_residueAncestor
warning: Theorems/Thm_CollatzWork_residueAncestor.lean:8:8: declaration uses `sorry`
⚠ [36/255] Replayed Theorems.Thm_CollatzWork_blockNumerator12_exact_bound
warning: Theorems/Thm_CollatzWork_blockNumerator12_exact_bound.lean:7:8: declaration uses `sorry`
⚠ [37/255] Replayed Theorems.Thm_CollatzWork_floorPower_mul
warning: Theorems/Thm_CollatzWork_floorPower_mul.lean:7:8: declaration uses `sorry`
⚠ [38/255] Replayed Theorems.Thm_CollatzWork_mechanical_twelve_identity
warning: Theorems/Thm_CollatzWork_mechanical_twelve_identity.lean:10:8: declaration uses `sorry`
⚠ [39/255] Replayed Theorems.Thm_CollatzWork_mechanical_twelve_propagation
warning: Theorems/Thm_CollatzWork_mechanical_twelve_propagation.lean:11:8: declaration uses `sorry`
⚠ [40/255] Replayed Theorems.Thm_CollatzWork_parityPrefix_dvd_sub_of_le
warning: Theorems/Thm_CollatzWork_parityPrefix_dvd_sub_of_le.lean:8:8: declaration uses `sorry`
⚠ [41/255] Replayed Theorems.Thm_CollatzWork_prefixCollision
warning: Theorems/Thm_CollatzWork_prefixCollision.lean:9:8: declaration uses `sorry`
⚠ [42/255] Replayed Theorems.Thm_CollatzWork_mechanical_large_bound
warning: Theorems/Thm_CollatzWork_mechanical_large_bound.lean:9:8: declaration uses `sorry`
⚠ [43/255] Replayed Theorems.Thm_CollatzWork_affineRecurrenceTelescope
warning: Theorems/Thm_CollatzWork_affineRecurrenceTelescope.lean:6:8: declaration uses `sorry`
⚠ [44/255] Replayed Theorems.Thm_CollatzWork_fixedRatioDivisibility
warning: Theorems/Thm_CollatzWork_fixedRatioDivisibility.lean:8:8: declaration uses `sorry`
⚠ [45/255] Replayed Theorems.Thm_CollatzWork_finiteRepetitionBound
warning: Theorems/Thm_CollatzWork_finiteRepetitionBound.lean:8:8: declaration uses `sorry`
⚠ [46/255] Replayed Theorems.Thm_CollatzWork_affineRepetitionBound
warning: Theorems/Thm_CollatzWork_affineRepetitionBound.lean:8:8: declaration uses `sorry`
⚠ [47/255] Replayed Theorems.Thm_BlindCollatz_RepetitionBound_telescope
warning: Theorems/Thm_BlindCollatz_RepetitionBound_telescope.lean:6:8: declaration uses `sorry`
⚠ [48/255] Replayed Theorems.Thm_CollatzWork_shortcutIter_OOE
warning: Theorems/Thm_CollatzWork_shortcutIter_OOE.lean:9:8: declaration uses `sorry`
⚠ [49/255] Replayed Theorems.Thm_CollatzWork_rootDescentBurst
warning: Theorems/Thm_CollatzWork_rootDescentBurst.lean:11:8: declaration uses `sorry`
⚠ [50/255] Replayed Theorems.Thm_BlindCollatz_RepetitionBound_affine_repetition_bound
warning: Theorems/Thm_BlindCollatz_RepetitionBound_affine_repetition_bound.lean:7:8: declaration uses `sorry`
⚠ [51/255] Replayed Theorems.Thm_BlindCollatz_AlternatingGrowth_arbitrarily_long_expansion
warning: Theorems/Thm_BlindCollatz_AlternatingGrowth_arbitrarily_long_expansion.lean:7:8: declaration uses `sorry`
⚠ [52/255] Replayed Theorems.Thm_CollatzWork_converges_shortcutIter_iff
warning: Theorems/Thm_CollatzWork_converges_shortcutIter_iff.lean:9:8: declaration uses `sorry`
⚠ [53/255] Replayed Theorems.Thm_CollatzWork_converges_iff_of_coalesces
warning: Theorems/Thm_CollatzWork_converges_iff_of_coalesces.lean:8:8: declaration uses `sorry`
⚠ [54/255] Replayed Theorems.Thm_CollatzWork_compatibleProduct_mod_four
warning: Theorems/Thm_CollatzWork_compatibleProduct_mod_four.lean:7:8: declaration uses `sorry`
⚠ [55/255] Replayed Theorems.Thm_CollatzWork_refinedParent_iter
warning: Theorems/Thm_CollatzWork_refinedParent_iter.lean:11:8: declaration uses `sorry`
⚠ [56/255] Replayed Theorems.Thm_CollatzWork_refinedChild_iter
warning: Theorems/Thm_CollatzWork_refinedChild_iter.lean:11:8: declaration uses `sorry`
⚠ [57/255] Replayed Theorems.Thm_CollatzWork_refinedMersenneChild_coalesces
warning: Theorems/Thm_CollatzWork_refinedMersenneChild_coalesces.lean:10:8: declaration uses `sorry`
⚠ [58/255] Replayed Theorems.Thm_CollatzWork_refinedParent_converges_iff_child
warning: Theorems/Thm_CollatzWork_refinedParent_converges_iff_child.lean:10:8: declaration uses `sorry`
⚠ [59/255] Replayed Theorems.Thm_CollatzWork_refinedChild_arithmetic
warning: Theorems/Thm_CollatzWork_refinedChild_arithmetic.lean:7:8: declaration uses `sorry`
⚠ [60/255] Replayed Theorems.Thm_CollatzWork_refinedParent_converges_of_smaller
warning: Theorems/Thm_CollatzWork_refinedParent_converges_of_smaller.lean:10:8: declaration uses `sorry`
⚠ [61/255] Replayed Theorems.Thm_CollatzWork_twoBurst_power_margin
warning: Theorems/Thm_CollatzWork_twoBurst_power_margin.lean:6:8: declaration uses `sorry`
⚠ [62/255] Replayed Theorems.Thm_CollatzWork_twoBurstDescent
warning: Theorems/Thm_CollatzWork_twoBurstDescent.lean:12:8: declaration uses `sorry`
⚠ [63/255] Replayed Theorems.Thm_CollatzWork_universalMechanicalQuarterCertificate
warning: Theorems/Thm_CollatzWork_universalMechanicalQuarterCertificate.lean:9:8: declaration uses `sorry`
⚠ [64/255] Replayed Theorems.Thm_CollatzWork_allPositiveConverge_of_smallerCoalescence
warning: Theorems/Thm_CollatzWork_allPositiveConverge_of_smallerCoalescence.lean:8:8: declaration uses `sorry`
⚠ [65/255] Replayed Theorems.Thm_CollatzWork_noInfinitePositiveRecurrence
warning: Theorems/Thm_CollatzWork_noInfinitePositiveRecurrence.lean:8:8: declaration uses `sorry`
⚠ [66/255] Replayed Theorems.Thm_CollatzWork_noInfiniteExpandingAffineBlocks
warning: Theorems/Thm_CollatzWork_noInfiniteExpandingAffineBlocks.lean:8:8: declaration uses `sorry`
⚠ [67/255] Replayed Theorems.Thm_CollatzWork_residueAncestor_factor_unit
warning: Theorems/Thm_CollatzWork_residueAncestor_factor_unit.lean:6:8: declaration uses `sorry`
⚠ [68/255] Replayed Theorems.Thm_CollatzWork_Disproof_BranchingCenter_centerTwoPowerOddNormalFormUnique
warning: Theorems/Thm_CollatzWork_Disproof_BranchingCenter_centerTwoPowerOddNormalFormUnique.lean:7:8: declaration uses `sorry`
⚠ [69/255] Replayed Theorems.Thm_CollatzWork_orbitAffine
warning: Theorems/Thm_CollatzWork_orbitAffine.lean:9:8: declaration uses `sorry`
⚠ [70/255] Replayed Theorems.Thm_CollatzWork_mechanicalEnvelope
warning: Theorems/Thm_CollatzWork_mechanicalEnvelope.lean:8:8: declaration uses `sorry`
⚠ [71/255] Replayed Theorems.Thm_CollatzWork_affineQuarterCertificate
warning: Theorems/Thm_CollatzWork_affineQuarterCertificate.lean:7:8: declaration uses `sorry`
⚠ [72/255] Replayed Theorems.Thm_CollatzWork_firstContraction_quarter_of_certificate
warning: Theorems/Thm_CollatzWork_firstContraction_quarter_of_certificate.lean:11:8: declaration uses `sorry`
⚠ [73/255] Replayed Theorems.Thm_CollatzWork_Disproof_twoPumpCoefficientDependencies
warning: Theorems/Thm_CollatzWork_Disproof_twoPumpCoefficientDependencies.lean:6:8: declaration uses `sorry`
⚠ [74/255] Replayed Theorems.Thm_BlindCollatz_AlternatingGrowth_ordinary_five
warning: Theorems/Thm_BlindCollatz_AlternatingGrowth_ordinary_five.lean:7:8: declaration uses `sorry`
⚠ [75/255] Replayed Theorems.Thm_BlindCollatz_AlternatingGrowth_shortcut_three_eq_ordinary_five
warning: Theorems/Thm_BlindCollatz_AlternatingGrowth_shortcut_three_eq_ordinary_five.lean:8:8: declaration uses `sorry`
⚠ [76/255] Replayed Theorems.Thm_CollatzWork_shiftedEnvelope_compose
warning: Theorems/Thm_CollatzWork_shiftedEnvelope_compose.lean:9:8: declaration uses `sorry`
⚠ [77/255] Replayed Theorems.Thm_CollatzWork_excursionChainEnvelope
warning: Theorems/Thm_CollatzWork_excursionChainEnvelope.lean:9:8: declaration uses `sorry`
⚠ [78/255] Replayed Theorems.Thm_CollatzWork_terminalEnvelope_compose
warning: Theorems/Thm_CollatzWork_terminalEnvelope_compose.lean:9:8: declaration uses `sorry`
⚠ [79/255] Replayed Theorems.Thm_CollatzWork_excursionBudgetDescent
warning: Theorems/Thm_CollatzWork_excursionBudgetDescent.lean:8:8: declaration uses `sorry`
⚠ [80/255] Replayed Theorems.Thm_CollatzWork_excursionChain_terminal_descent
warning: Theorems/Thm_CollatzWork_excursionChain_terminal_descent.lean:11:8: declaration uses `sorry`
⚠ [81/255] Replayed Theorems.Thm_CollatzWork_prefixReturnBernoulli
warning: Theorems/Thm_CollatzWork_prefixReturnBernoulli.lean:6:8: declaration uses `sorry`
⚠ [82/255] Replayed Theorems.Thm_CollatzWork_prefixReturnNumericalBound
warning: Theorems/Thm_CollatzWork_prefixReturnNumericalBound.lean:8:8: declaration uses `sorry`
⚠ [83/255] Replayed Theorems.Thm_CollatzWork_Disproof_FiniteResidueFirstIntegral_commutator_transitive_forces_constant
warning: Theorems/Thm_CollatzWork_Disproof_FiniteResidueFirstIntegral_commutator_transitive_forces_constant.lean:7:8: declaration uses `sorry`
⚠ [84/255] Replayed Theorems.Thm_CollatzWork_rootDescent
warning: Theorems/Thm_CollatzWork_rootDescent.lean:11:8: declaration uses `sorry`
⚠ [85/255] Replayed Theorems.Thm_CollatzWork_rootDescent_converges_of_smaller
warning: Theorems/Thm_CollatzWork_rootDescent_converges_of_smaller.lean:9:8: declaration uses `sorry`
⚠ [86/255] Replayed Theorems.Thm_CollatzWork_finitePalette_path_obstruction
warning: Theorems/Thm_CollatzWork_finitePalette_path_obstruction.lean:6:8: declaration uses `sorry`
⚠ [87/255] Replayed Theorems.Thm_CollatzWork_mersenne_prefix_nondecreasing
warning: Theorems/Thm_CollatzWork_mersenne_prefix_nondecreasing.lean:10:8: declaration uses `sorry`
⚠ [88/255] Replayed Theorems.Thm_CollatzWork_finitePaletteObstruction
warning: Theorems/Thm_CollatzWork_finitePaletteObstruction.lean:12:8: declaration uses `sorry`
⚠ [89/255] Replayed Theorems.Thm_CollatzWork_Disproof_twoPumpSyzygy
warning: Theorems/Thm_CollatzWork_Disproof_twoPumpSyzygy.lean:6:8: declaration uses `sorry`
⚠ [90/255] Replayed Theorems.Thm_BlindCollatz_RepetitionBound_alternating_repetition_bound
warning: Theorems/Thm_BlindCollatz_RepetitionBound_alternating_repetition_bound.lean:7:8: declaration uses `sorry`
⚠ [91/255] Replayed Theorems.Thm_CollatzWork_Disproof_secondRotatedDeterminantCoefficients
warning: Theorems/Thm_CollatzWork_Disproof_secondRotatedDeterminantCoefficients.lean:6:8: declaration uses `sorry`
⚠ [92/255] Replayed Theorems.Thm_BlindCollatz_RepetitionBound_no_infinite_expanding_affine_blocks
warning: Theorems/Thm_BlindCollatz_RepetitionBound_no_infinite_expanding_affine_blocks.lean:7:8: declaration uses `sorry`
⚠ [93/255] Replayed Theorems.Thm_CollatzWork_equalSlopeWitness
warning: Theorems/Thm_CollatzWork_equalSlopeWitness.lean:7:8: declaration uses `sorry`
⚠ [94/255] Replayed Theorems.Thm_CollatzWork_smallerCoalescenceCriterion
warning: Theorems/Thm_CollatzWork_smallerCoalescenceCriterion.lean:8:8: declaration uses `sorry`
⚠ [95/255] Replayed Theorems.Thm_BlindCollatz_descent_iff_convergence
warning: Theorems/Thm_BlindCollatz_descent_iff_convergence.lean:7:8: declaration uses `sorry`
⚠ [96/255] Replayed Theorems.Thm_CollatzWork_mechanical_fifteen_failure
warning: Theorems/Thm_CollatzWork_mechanical_fifteen_failure.lean:11:8: declaration uses `sorry`
⚠ [97/255] Replayed Theorems.Thm_CollatzWork_Disproof_quotientDegreesVanish
warning: Theorems/Thm_CollatzWork_Disproof_quotientDegreesVanish.lean:6:8: declaration uses `sorry`
⚠ [98/255] Replayed Theorems.Thm_CollatzWork_mechanicalCoarseBound
warning: Theorems/Thm_CollatzWork_mechanicalCoarseBound.lean:8:8: declaration uses `sorry`
⚠ [99/255] Replayed Theorems.Thm_CollatzWork_firstContractionThirdGap
warning: Theorems/Thm_CollatzWork_firstContractionThirdGap.lean:12:8: declaration uses `sorry`
⚠ [100/255] Replayed Theorems.Thm_CollatzWork_Disproof_BranchingCenter_branchingCenterEquationRigid
warning: Theorems/Thm_CollatzWork_Disproof_BranchingCenter_branchingCenterEquationRigid.lean:8:8: declaration uses `sorry`
⚠ [101/255] Replayed Theorems.Thm_CollatzWork_refinedParent_has_smaller_coalescence
warning: Theorems/Thm_CollatzWork_refinedParent_has_smaller_coalescence.lean:10:8: declaration uses `sorry`
⚠ [102/255] Replayed Theorems.Thm_CollatzWork_prefixSeparation
warning: Theorems/Thm_CollatzWork_prefixSeparation.lean:9:8: declaration uses `sorry`
⚠ [103/255] Replayed Theorems.Thm_CollatzWork_descentCriterion
warning: Theorems/Thm_CollatzWork_descentCriterion.lean:8:8: declaration uses `sorry`
⚠ [104/255] Replayed Theorems.Thm_CollatzWork_firstContractionQuarterGap
warning: Theorems/Thm_CollatzWork_firstContractionQuarterGap.lean:12:8: declaration uses `sorry`
⚠ [105/255] Replayed Theorems.Thm_CollatzWork_twoBurst_converges_of_smaller
warning: Theorems/Thm_CollatzWork_twoBurst_converges_of_smaller.lean:9:8: declaration uses `sorry`
⚠ [106/255] Replayed Theorems.Thm_CollatzWork_Disproof_twoPowerOddNormalFormUnique
warning: Theorems/Thm_CollatzWork_Disproof_twoPowerOddNormalFormUnique.lean:7:8: declaration uses `sorry`
⚠ [107/255] Replayed Theorems.Thm_CollatzWork_Disproof_noNonresonantContentGain
warning: Theorems/Thm_CollatzWork_Disproof_noNonresonantContentGain.lean:8:8: declaration uses `sorry`
⚠ [108/255] Replayed Theorems.Thm_CollatzWork_Disproof_twoPumpConstantObstructionVanishes
warning: Theorems/Thm_CollatzWork_Disproof_twoPumpConstantObstructionVanishes.lean:7:8: declaration uses `sorry`
⚠ [109/255] Replayed Theorems.Thm_CollatzWork_firstContractionTime
warning: Theorems/Thm_CollatzWork_firstContractionTime.lean:9:8: declaration uses `sorry`
⚠ [110/255] Replayed Theorems.Thm_BlindCollatz_RepetitionBound_no_infinite_alternating_blocks
warning: Theorems/Thm_BlindCollatz_RepetitionBound_no_infinite_alternating_blocks.lean:7:8: declaration uses `sorry`
⚠ [111/255] Replayed Theorems.Thm_BlindCollatz_AlternatingGrowth_goodBlocks_each_block_grows
warning: Theorems/Thm_BlindCollatz_AlternatingGrowth_goodBlocks_each_block_grows.lean:7:8: declaration uses `sorry`
⚠ [112/255] Replayed Theorems.Thm_CollatzWork_Disproof_firstRotatedDeterminantCoefficients
warning: Theorems/Thm_CollatzWork_Disproof_firstRotatedDeterminantCoefficients.lean:6:8: declaration uses `sorry`
⚠ [113/255] Replayed Theorems.Thm_BlindCollatz_AlternatingGrowth_odd_exponents_one_two
warning: Theorems/Thm_BlindCollatz_AlternatingGrowth_odd_exponents_one_two.lean:6:8: declaration uses `sorry`
⚠ [114/255] Replayed Theorems.Thm_CollatzWork_residueAncestor_of_divisibility
warning: Theorems/Thm_CollatzWork_residueAncestor_of_divisibility.lean:10:8: declaration uses `sorry`
⚠ [115/255] Replayed Theorems.Thm_CollatzWork_equalSlopeSmaller
warning: Theorems/Thm_CollatzWork_equalSlopeSmaller.lean:7:8: declaration uses `sorry`
⚠ [116/255] Replayed Theorems.Thm_CollatzWork_excursionChain_converges_of_smaller
warning: Theorems/Thm_CollatzWork_excursionChain_converges_of_smaller.lean:11:8: declaration uses `sorry`
⚠ [136/255] Replayed Solutions.Sol_CollatzWork_twoBurst_power_margin
warning: Solutions/Sol_CollatzWork_twoBurst_power_margin.lean:70:43: This simp argument is unused:
  Nat.mul_left_comm

Hint: Omit it from the simp argument list.
  [apply] simp [Nat.mul_assoc, Nat.mul_comm]

Note: This linter can be disabled with `set_option linter.unusedSimpArgs false`
⚠ [167/255] Replayed Solutions.Sol_CollatzWork_mechanicalCoarseBound
warning: Solutions/Sol_CollatzWork_mechanicalCoarseBound.lean:23:43: This simp argument is unused:
  Nat.mul_add

Hint: Omit it from the simp argument list.
  [apply] simp [Nat.pow_succ, Nat.add_mul, Nat.mul_assoc, Nat.mul_comm, Nat.mul_left_comm]

Note: This linter can be disabled with `set_option linter.unusedSimpArgs false`
warning: Solutions/Sol_CollatzWork_mechanicalCoarseBound.lean:23:56: This simp argument is unused:
  Nat.mul_assoc

Hint: Omit it from the simp argument list.
  [apply] simp [Nat.pow_succ, Nat.add_mul, Nat.mul_add, Nat.mul_comm, Nat.mul_left_comm]

Note: This linter can be disabled with `set_option linter.unusedSimpArgs false`
⚠ [180/255] Replayed Solutions.Sol_CollatzWork_blockNumerator12_exact_bound
warning: Solutions/Sol_CollatzWork_blockNumerator12_exact_bound.lean:8:30: Variable name `hB` is not explicitly referenced.

Hint: The binding can be removed (if unused) or named `_` (if used implicitly). Alternatively, prefix the name with `_` to silence this warning:
  [apply] _hB

Note: This linter can be disabled with `set_option linter.unusedVariables false`
⚠ [181/255] Replayed Solutions.Sol_CollatzWork_excursionChainEnvelope
warning: Solutions/Sol_CollatzWork_excursionChainEnvelope.lean:15:70: This simp argument is unused:
  shortcutIter

Hint: Omit it from the simp argument list.
  [apply] simp [excursionDenominator, excursionNumerator, excursionSteps]

Note: This linter can be disabled with `set_option linter.unusedSimpArgs false`
⚠ [191/255] Replayed Solutions.Sol_CollatzWork_floorPower_mul
warning: Solutions/Sol_CollatzWork_floorPower_mul.lean:40:20: This simp argument is unused:
  Nat.mul_left_comm

Hint: Omit it from the simp argument list.
  [apply] simp only [Nat.pow_add, Nat.pow_succ, Nat.mul_assoc, Nat.mul_comm]

Note: This linter can be disabled with `set_option linter.unusedSimpArgs false`
⚠ [204/255] Replayed Solutions.Sol_CollatzWork_orbitAffine
warning: Solutions/Sol_CollatzWork_orbitAffine.lean:83:49: This simp argument is unused:
  Nat.mul_assoc

Hint: Omit it from the simp argument list.
  [apply] simp [Nat.pow_succ, Nat.mul_add, Nat.mul_comm, Nat.mul_left_comm, Nat.add_assoc]

Note: This linter can be disabled with `set_option linter.unusedSimpArgs false`
✔ [211/255] Built Definitions.Def_CollatzWork_YAHFiniteObstructionStatement (1.1s)
⚠ [212/255] Built Theorems.Thm_CollatzWork_YAH_weightedGapSum_pos (577ms)
warning: Theorems/Thm_CollatzWork_YAH_weightedGapSum_pos.lean:14:8: declaration uses `sorry`
⚠ [213/255] Built Theorems.Thm_CollatzWork_YAH_evalCoefficients_weightedCoefficient (626ms)
warning: Theorems/Thm_CollatzWork_YAH_evalCoefficients_weightedCoefficient.lean:12:8: declaration uses `sorry`
⚠ [214/255] Built Theorems.Thm_CollatzWork_YAH_twoState_rule_equations (621ms)
warning: Theorems/Thm_CollatzWork_YAH_twoState_rule_equations.lean:9:8: declaration uses `sorry`
✔ [215/255] Built Solutions.Sol_CollatzWork_YAH_twoState_rule_equations (627ms)
✖ [216/255] Building Solutions.Sol_CollatzWork_YAH_evalCoefficients_weightedCoefficient (659ms)
trace: .> LEAN_PATH=/workspace/scratch/ce6b142fd07d/Collatz-Conjecture-Work/publication/prove2me/collatz/.lake/build/lib/lean /workspace/scratch/ce6b142fd07d/lean-runtime/lean-4.33.1-linux/bin/lean /workspace/scratch/ce6b142fd07d/Collatz-Conjecture-Work/publication/prove2me/collatz/Solutions/Sol_CollatzWork_YAH_evalCoefficients_weightedCoefficient.lean -o /workspace/scratch/ce6b142fd07d/Collatz-Conjecture-Work/publication/prove2me/collatz/.lake/build/lib/lean/Solutions/Sol_CollatzWork_YAH_evalCoefficients_weightedCoefficient.olean -i /workspace/scratch/ce6b142fd07d/Collatz-Conjecture-Work/publication/prove2me/collatz/.lake/build/lib/lean/Solutions/Sol_CollatzWork_YAH_evalCoefficients_weightedCoefficient.ilean -c /workspace/scratch/ce6b142fd07d/Collatz-Conjecture-Work/publication/prove2me/collatz/.lake/build/ir/Solutions/Sol_CollatzWork_YAH_evalCoefficients_weightedCoefficient.c --setup /workspace/scratch/ce6b142fd07d/Collatz-Conjecture-Work/publication/prove2me/collatz/.lake/build/ir/Solutions/Sol_CollatzWork_YAH_evalCoefficients_weightedCoefficient.setup.json --json
error: Solutions/Sol_CollatzWork_YAH_evalCoefficients_weightedCoefficient.lean:240:19: unknown universe level `u`
error: Solutions/Sol_CollatzWork_YAH_evalCoefficients_weightedCoefficient.lean:249:20: typeclass instance problem is stuck
  IntModule ?m.18

Note: Lean will not try to resolve this typeclass instance problem because the type argument to `IntModule` is a metavariable. This argument must be fully determined before Lean will try to resolve the typeclass.

Hint: Adding type annotations and supplying implicit arguments to functions can give Lean more information for typeclass resolution. For example, if you have a variable `x` that you intend to be a `Nat`, but Lean reports it as having an unresolved type like `?m`, replacing `x` with `(x : Nat)` can get typeclass resolution un-stuck.
error: Lean exited with code 1
✖ [217/255] Building Solutions.Sol_CollatzWork_YAH_weightedGapSum_pos (690ms)
trace: .> LEAN_PATH=/workspace/scratch/ce6b142fd07d/Collatz-Conjecture-Work/publication/prove2me/collatz/.lake/build/lib/lean /workspace/scratch/ce6b142fd07d/lean-runtime/lean-4.33.1-linux/bin/lean /workspace/scratch/ce6b142fd07d/Collatz-Conjecture-Work/publication/prove2me/collatz/Solutions/Sol_CollatzWork_YAH_weightedGapSum_pos.lean -o /workspace/scratch/ce6b142fd07d/Collatz-Conjecture-Work/publication/prove2me/collatz/.lake/build/lib/lean/Solutions/Sol_CollatzWork_YAH_weightedGapSum_pos.olean -i /workspace/scratch/ce6b142fd07d/Collatz-Conjecture-Work/publication/prove2me/collatz/.lake/build/lib/lean/Solutions/Sol_CollatzWork_YAH_weightedGapSum_pos.ilean -c /workspace/scratch/ce6b142fd07d/Collatz-Conjecture-Work/publication/prove2me/collatz/.lake/build/ir/Solutions/Sol_CollatzWork_YAH_weightedGapSum_pos.c --setup /workspace/scratch/ce6b142fd07d/Collatz-Conjecture-Work/publication/prove2me/collatz/.lake/build/ir/Solutions/Sol_CollatzWork_YAH_weightedGapSum_pos.setup.json --json
error: Solutions/Sol_CollatzWork_YAH_weightedGapSum_pos.lean:200:19: unknown universe level `u`
warning: Solutions/Sol_CollatzWork_YAH_weightedGapSum_pos.lean:205:8: declaration uses `sorry`
error: Lean exited with code 1
✔ [218/255] Built Definitions.Def_CollatzWork_YAHFiniteObstruction (964ms)
✔ [220/255] Built Solutions.Sol_CollatzWork_YAH_symbolCertificate_shape (576ms)
✔ [221/255] Built Solutions.Sol_CollatzWork_YAH_ffPumpWord_canonical (566ms)
✔ [222/255] Built Solutions.Sol_CollatzWork_YAH_edgeCertificate_shape (576ms)
✔ [223/255] Built Solutions.Sol_CollatzWork_YAH_unlabelledRows_semantic (591ms)
✔ [224/255] Built Solutions.Sol_CollatzWork_YAH_symbolCertificate_canonically_embeddable (611ms)
✔ [225/255] Built Solutions.Sol_CollatzWork_YAH_unlabelledRows_legal (715ms)
✔ [226/255] Built Solutions.Sol_CollatzWork_YAH_symbolCertificate_cancellation (820ms)
⚠ [227/255] Built Theorems.Thm_CollatzWork_YAH_unlabelledRows_legal (593ms)
warning: Theorems/Thm_CollatzWork_YAH_unlabelledRows_legal.lean:10:8: declaration uses `sorry`
⚠ [228/255] Built Theorems.Thm_CollatzWork_YAH_unlabelledCertificate_shape (556ms)
warning: Theorems/Thm_CollatzWork_YAH_unlabelledCertificate_shape.lean:10:8: declaration uses `sorry`
⚠ [229/255] Built Theorems.Thm_CollatzWork_YAH_edgeCertificate_canonically_embeddable (563ms)
warning: Theorems/Thm_CollatzWork_YAH_edgeCertificate_canonically_embeddable.lean:11:8: declaration uses `sorry`
✔ [230/255] Built Solutions.Sol_CollatzWork_YAH_unlabelledCertificate_shape (592ms)
⚠ [231/255] Built Theorems.Thm_CollatzWork_YAH_ffPumpWord_canonical (592ms)
warning: Theorems/Thm_CollatzWork_YAH_ffPumpWord_canonical.lean:14:8: declaration uses `sorry`
⚠ [232/255] Built Theorems.Thm_CollatzWork_YAH_edgeCertificate_cancellation (670ms)
warning: Theorems/Thm_CollatzWork_YAH_edgeCertificate_cancellation.lean:11:8: declaration uses `sorry`
✔ [233/255] Built Solutions.Sol_CollatzWork_YAH_edgeCertificate_canonically_embeddable (1.4s)
⚠ [234/255] Built Theorems.Thm_CollatzWork_YAH_symbolCertificate_canonically_embeddable (401ms)
warning: Theorems/Thm_CollatzWork_YAH_symbolCertificate_canonically_embeddable.lean:10:8: declaration uses `sorry`
⚠ [235/255] Built Theorems.Thm_CollatzWork_YAH_unlabelledCertificate_cancellation (530ms)
warning: Theorems/Thm_CollatzWork_YAH_unlabelledCertificate_cancellation.lean:10:8: declaration uses `sorry`
⚠ [236/255] Built Theorems.Thm_CollatzWork_YAH_symbolCertificate_shape (560ms)
warning: Theorems/Thm_CollatzWork_YAH_symbolCertificate_shape.lean:10:8: declaration uses `sorry`
⚠ [237/255] Built Theorems.Thm_CollatzWork_YAH_unlabelledRows_semantic (452ms)
warning: Theorems/Thm_CollatzWork_YAH_unlabelledRows_semantic.lean:10:8: declaration uses `sorry`
⚠ [238/255] Built Theorems.Thm_CollatzWork_YAH_symbolCertificate_cancellation (510ms)
warning: Theorems/Thm_CollatzWork_YAH_symbolCertificate_cancellation.lean:10:8: declaration uses `sorry`
⚠ [239/255] Built Theorems.Thm_CollatzWork_YAH_edgeCertificate_shape (505ms)
warning: Theorems/Thm_CollatzWork_YAH_edgeCertificate_shape.lean:10:8: declaration uses `sorry`
⚠ [240/255] Built Theorems.Thm_CollatzWork_YAH_noTwoStateEdgeCertificateOrientation (579ms)
warning: Theorems/Thm_CollatzWork_YAH_noTwoStateEdgeCertificateOrientation.lean:17:8: declaration uses `sorry`
⚠ [241/255] Built Theorems.Thm_CollatzWork_YAH_noTwoStateSymbolCertificateOrientation (587ms)
warning: Theorems/Thm_CollatzWork_YAH_noTwoStateSymbolCertificateOrientation.lean:17:8: declaration uses `sorry`
⚠ [242/255] Built Theorems.Thm_CollatzWork_YAH_yah13_forces_ff_negative (654ms)
warning: Theorems/Thm_CollatzWork_YAH_yah13_forces_ff_negative.lean:17:8: declaration uses `sorry`
✔ [243/255] Built Solutions.Sol_CollatzWork_YAH_unlabelledCertificate_cancellation (1.8s)
✖ [244/255] Building Solutions.Sol_CollatzWork_YAH_noTwoStateEdgeCertificateOrientation (817ms)
trace: .> LEAN_PATH=/workspace/scratch/ce6b142fd07d/Collatz-Conjecture-Work/publication/prove2me/collatz/.lake/build/lib/lean /workspace/scratch/ce6b142fd07d/lean-runtime/lean-4.33.1-linux/bin/lean /workspace/scratch/ce6b142fd07d/Collatz-Conjecture-Work/publication/prove2me/collatz/Solutions/Sol_CollatzWork_YAH_noTwoStateEdgeCertificateOrientation.lean -o /workspace/scratch/ce6b142fd07d/Collatz-Conjecture-Work/publication/prove2me/collatz/.lake/build/lib/lean/Solutions/Sol_CollatzWork_YAH_noTwoStateEdgeCertificateOrientation.olean -i /workspace/scratch/ce6b142fd07d/Collatz-Conjecture-Work/publication/prove2me/collatz/.lake/build/lib/lean/Solutions/Sol_CollatzWork_YAH_noTwoStateEdgeCertificateOrientation.ilean -c /workspace/scratch/ce6b142fd07d/Collatz-Conjecture-Work/publication/prove2me/collatz/.lake/build/ir/Solutions/Sol_CollatzWork_YAH_noTwoStateEdgeCertificateOrientation.c --setup /workspace/scratch/ce6b142fd07d/Collatz-Conjecture-Work/publication/prove2me/collatz/.lake/build/ir/Solutions/Sol_CollatzWork_YAH_noTwoStateEdgeCertificateOrientation.setup.json --json
error: Solutions/Sol_CollatzWork_YAH_noTwoStateEdgeCertificateOrientation.lean:218:19: unknown universe level `u`
error: Solutions/Sol_CollatzWork_YAH_noTwoStateEdgeCertificateOrientation.lean:226:15: failed to synthesize instance of type class
  IntModule Nat

Hint: Type class instance resolution failures can be inspected with the `set_option trace.Meta.synthInstance true` command.
error: Solutions/Sol_CollatzWork_YAH_noTwoStateEdgeCertificateOrientation.lean:227:15: failed to synthesize instance of type class
  IntModule Nat

Hint: Type class instance resolution failures can be inspected with the `set_option trace.Meta.synthInstance true` command.
error: Solutions/Sol_CollatzWork_YAH_noTwoStateEdgeCertificateOrientation.lean:230:10: failed to synthesize instance of type class
  IntModule Nat

Hint: Type class instance resolution failures can be inspected with the `set_option trace.Meta.synthInstance true` command.
error: Solutions/Sol_CollatzWork_YAH_noTwoStateEdgeCertificateOrientation.lean:242:23: failed to synthesize instance of type class
  IntModule Nat

Hint: Type class instance resolution failures can be inspected with the `set_option trace.Meta.synthInstance true` command.
error: Solutions/Sol_CollatzWork_YAH_noTwoStateEdgeCertificateOrientation.lean:246:21: Unknown identifier `hnonneg`
error: Solutions/Sol_CollatzWork_YAH_noTwoStateEdgeCertificateOrientation.lean:247:34: Unknown identifier `hfirstPos`
error: Solutions/Sol_CollatzWork_YAH_noTwoStateEdgeCertificateOrientation.lean:227:42: unsolved goals
case refine_1.refine_1
inst✝⁵ : LE sorry
inst✝⁴ : LT sorry
inst✝³ : Std.IsPreorder sorry
inst✝² : Std.LawfulOrderLT sorry
inst✝¹ : IntModule sorry
inst✝ : OrderedAdd sorry
weight : sorry
horients :
  ∀ (entry : Nat × LabeledInstance),
    entry ∈ edgeCertificate →
      if (rule entry.snd.ruleName).dynamic = true then 0 < edgeGap sorry entry.snd else 0 ≤ edgeGap sorry entry.snd
first : Nat × LabeledInstance := ⋯
hfirstMem : first ∈ edgeCertificate
⊢ IntModule Nat
error: Lean exited with code 1
✖ [245/255] Building Solutions.Sol_CollatzWork_YAH_yah13_forces_ff_negative (725ms)
trace: .> LEAN_PATH=/workspace/scratch/ce6b142fd07d/Collatz-Conjecture-Work/publication/prove2me/collatz/.lake/build/lib/lean /workspace/scratch/ce6b142fd07d/lean-runtime/lean-4.33.1-linux/bin/lean /workspace/scratch/ce6b142fd07d/Collatz-Conjecture-Work/publication/prove2me/collatz/Solutions/Sol_CollatzWork_YAH_yah13_forces_ff_negative.lean -o /workspace/scratch/ce6b142fd07d/Collatz-Conjecture-Work/publication/prove2me/collatz/.lake/build/lib/lean/Solutions/Sol_CollatzWork_YAH_yah13_forces_ff_negative.olean -i /workspace/scratch/ce6b142fd07d/Collatz-Conjecture-Work/publication/prove2me/collatz/.lake/build/lib/lean/Solutions/Sol_CollatzWork_YAH_yah13_forces_ff_negative.ilean -c /workspace/scratch/ce6b142fd07d/Collatz-Conjecture-Work/publication/prove2me/collatz/.lake/build/ir/Solutions/Sol_CollatzWork_YAH_yah13_forces_ff_negative.c --setup /workspace/scratch/ce6b142fd07d/Collatz-Conjecture-Work/publication/prove2me/collatz/.lake/build/ir/Solutions/Sol_CollatzWork_YAH_yah13_forces_ff_negative.setup.json --json
error: Solutions/Sol_CollatzWork_YAH_yah13_forces_ff_negative.lean:223:19: unknown universe level `u`
error: Solutions/Sol_CollatzWork_YAH_yah13_forces_ff_negative.lean:230:15: failed to synthesize instance of type class
  IntModule Nat

Hint: Type class instance resolution failures can be inspected with the `set_option trace.Meta.synthInstance true` command.
error: Solutions/Sol_CollatzWork_YAH_yah13_forces_ff_negative.lean:231:15: failed to synthesize instance of type class
  IntModule Nat

Hint: Type class instance resolution failures can be inspected with the `set_option trace.Meta.synthInstance true` command.
error: Solutions/Sol_CollatzWork_YAH_yah13_forces_ff_negative.lean:234:10: failed to synthesize instance of type class
  IntModule Nat

Hint: Type class instance resolution failures can be inspected with the `set_option trace.Meta.synthInstance true` command.
error: Solutions/Sol_CollatzWork_YAH_yah13_forces_ff_negative.lean:246:23: failed to synthesize instance of type class
  IntModule Nat

Hint: Type class instance resolution failures can be inspected with the `set_option trace.Meta.synthInstance true` command.
error: Solutions/Sol_CollatzWork_YAH_yah13_forces_ff_negative.lean:250:27: Unknown identifier `hnonneg`
error: Solutions/Sol_CollatzWork_YAH_yah13_forces_ff_negative.lean:251:34: Unknown identifier `hfirstPos`
error: Solutions/Sol_CollatzWork_YAH_yah13_forces_ff_negative.lean:232:27: unsolved goals
case refine_1.refine_1
inst✝⁵ : LE sorry
inst✝⁴ : LT sorry
inst✝³ : Std.IsPreorder sorry
inst✝² : Std.LawfulOrderLT sorry
inst✝¹ : IntModule sorry
inst✝ : OrderedAdd sorry
weight : sorry
horients :
  ∀ (entry : Nat × UnlabelledInstance),
    entry ∈ unlabelledCertificate →
      if (rule entry.snd.ruleName).dynamic = true then 0 < unlabelledGap sorry entry.snd
      else 0 ≤ unlabelledGap sorry entry.snd
first : Nat × UnlabelledInstance := ⋯
hfirstMem : first ∈ unlabelledCertificate
⊢ IntModule Nat
error: Lean exited with code 1
⚠ [246/255] Built Theorems.Thm_CollatzWork_YAH_noTwoStateEdgeAdditiveOrder (540ms)
warning: Theorems/Thm_CollatzWork_YAH_noTwoStateEdgeAdditiveOrder.lean:15:8: declaration uses `sorry`
✖ [247/255] Building Solutions.Sol_CollatzWork_YAH_noTwoStateSymbolCertificateOrientation (836ms)
trace: .> LEAN_PATH=/workspace/scratch/ce6b142fd07d/Collatz-Conjecture-Work/publication/prove2me/collatz/.lake/build/lib/lean /workspace/scratch/ce6b142fd07d/lean-runtime/lean-4.33.1-linux/bin/lean /workspace/scratch/ce6b142fd07d/Collatz-Conjecture-Work/publication/prove2me/collatz/Solutions/Sol_CollatzWork_YAH_noTwoStateSymbolCertificateOrientation.lean -o /workspace/scratch/ce6b142fd07d/Collatz-Conjecture-Work/publication/prove2me/collatz/.lake/build/lib/lean/Solutions/Sol_CollatzWork_YAH_noTwoStateSymbolCertificateOrientation.olean -i /workspace/scratch/ce6b142fd07d/Collatz-Conjecture-Work/publication/prove2me/collatz/.lake/build/lib/lean/Solutions/Sol_CollatzWork_YAH_noTwoStateSymbolCertificateOrientation.ilean -c /workspace/scratch/ce6b142fd07d/Collatz-Conjecture-Work/publication/prove2me/collatz/.lake/build/ir/Solutions/Sol_CollatzWork_YAH_noTwoStateSymbolCertificateOrientation.c --setup /workspace/scratch/ce6b142fd07d/Collatz-Conjecture-Work/publication/prove2me/collatz/.lake/build/ir/Solutions/Sol_CollatzWork_YAH_noTwoStateSymbolCertificateOrientation.setup.json --json
error: Solutions/Sol_CollatzWork_YAH_noTwoStateSymbolCertificateOrientation.lean:218:19: unknown universe level `u`
error: Solutions/Sol_CollatzWork_YAH_noTwoStateSymbolCertificateOrientation.lean:225:15: failed to synthesize instance of type class
  IntModule Nat

Hint: Type class instance resolution failures can be inspected with the `set_option trace.Meta.synthInstance true` command.
error: Solutions/Sol_CollatzWork_YAH_noTwoStateSymbolCertificateOrientation.lean:226:15: failed to synthesize instance of type class
  IntModule Nat

Hint: Type class instance resolution failures can be inspected with the `set_option trace.Meta.synthInstance true` command.
error: Solutions/Sol_CollatzWork_YAH_noTwoStateSymbolCertificateOrientation.lean:229:10: failed to synthesize instance of type class
  IntModule Nat

Hint: Type class instance resolution failures can be inspected with the `set_option trace.Meta.synthInstance true` command.
error: Solutions/Sol_CollatzWork_YAH_noTwoStateSymbolCertificateOrientation.lean:241:23: failed to synthesize instance of type class
  IntModule Nat

Hint: Type class instance resolution failures can be inspected with the `set_option trace.Meta.synthInstance true` command.
error: Solutions/Sol_CollatzWork_YAH_noTwoStateSymbolCertificateOrientation.lean:245:23: Unknown identifier `hnonneg`
error: Solutions/Sol_CollatzWork_YAH_noTwoStateSymbolCertificateOrientation.lean:246:34: Unknown identifier `hfirstPos`
error: Solutions/Sol_CollatzWork_YAH_noTwoStateSymbolCertificateOrientation.lean:226:44: unsolved goals
case refine_1.refine_1
inst✝⁵ : LE sorry
inst✝⁴ : LT sorry
inst✝³ : Std.IsPreorder sorry
inst✝² : Std.LawfulOrderLT sorry
inst✝¹ : IntModule sorry
inst✝ : OrderedAdd sorry
weight : sorry
horients :
  ∀ (entry : Nat × LabeledInstance),
    entry ∈ symbolCertificate →
      if (rule entry.snd.ruleName).dynamic = true then 0 < symbolGap sorry entry.snd else 0 ≤ symbolGap sorry entry.snd
first : Nat × LabeledInstance := ⋯
hfirstMem : first ∈ symbolCertificate
⊢ IntModule Nat
error: Lean exited with code 1
✖ [248/255] Building Solutions.Sol_CollatzWork_YAH_noTwoStateEdgeAdditiveOrder (585ms)
trace: .> LEAN_PATH=/workspace/scratch/ce6b142fd07d/Collatz-Conjecture-Work/publication/prove2me/collatz/.lake/build/lib/lean /workspace/scratch/ce6b142fd07d/lean-runtime/lean-4.33.1-linux/bin/lean /workspace/scratch/ce6b142fd07d/Collatz-Conjecture-Work/publication/prove2me/collatz/Solutions/Sol_CollatzWork_YAH_noTwoStateEdgeAdditiveOrder.lean -o /workspace/scratch/ce6b142fd07d/Collatz-Conjecture-Work/publication/prove2me/collatz/.lake/build/lib/lean/Solutions/Sol_CollatzWork_YAH_noTwoStateEdgeAdditiveOrder.olean -i /workspace/scratch/ce6b142fd07d/Collatz-Conjecture-Work/publication/prove2me/collatz/.lake/build/lib/lean/Solutions/Sol_CollatzWork_YAH_noTwoStateEdgeAdditiveOrder.ilean -c /workspace/scratch/ce6b142fd07d/Collatz-Conjecture-Work/publication/prove2me/collatz/.lake/build/ir/Solutions/Sol_CollatzWork_YAH_noTwoStateEdgeAdditiveOrder.c --setup /workspace/scratch/ce6b142fd07d/Collatz-Conjecture-Work/publication/prove2me/collatz/.lake/build/ir/Solutions/Sol_CollatzWork_YAH_noTwoStateEdgeAdditiveOrder.setup.json --json
error: Solutions/Sol_CollatzWork_YAH_noTwoStateEdgeAdditiveOrder.lean:186:19: unknown universe level `u`
error: Solutions/Sol_CollatzWork_YAH_noTwoStateEdgeAdditiveOrder.lean:193:15: failed to synthesize instance of type class
  IntModule Nat

Hint: Type class instance resolution failures can be inspected with the `set_option trace.Meta.synthInstance true` command.
error: Solutions/Sol_CollatzWork_YAH_noTwoStateEdgeAdditiveOrder.lean:194:15: failed to synthesize instance of type class
  IntModule Nat

Hint: Type class instance resolution failures can be inspected with the `set_option trace.Meta.synthInstance true` command.
error: Lean exited with code 1
⚠ [249/255] Built Theorems.Thm_CollatzWork_YAH_noTwoStateSymbolAdditiveOrder (521ms)
warning: Theorems/Thm_CollatzWork_YAH_noTwoStateSymbolAdditiveOrder.lean:15:8: declaration uses `sorry`
⚠ [250/255] Built Theorems.Thm_CollatzWork_YAH_noBoundedBelowCanonicalFFPumpWords (464ms)
warning: Theorems/Thm_CollatzWork_YAH_noBoundedBelowCanonicalFFPumpWords.lean:15:8: declaration uses `sorry`
✖ [252/255] Building Solutions.Sol_CollatzWork_YAH_noTwoStateSymbolAdditiveOrder (489ms)
trace: .> LEAN_PATH=/workspace/scratch/ce6b142fd07d/Collatz-Conjecture-Work/publication/prove2me/collatz/.lake/build/lib/lean /workspace/scratch/ce6b142fd07d/lean-runtime/lean-4.33.1-linux/bin/lean /workspace/scratch/ce6b142fd07d/Collatz-Conjecture-Work/publication/prove2me/collatz/Solutions/Sol_CollatzWork_YAH_noTwoStateSymbolAdditiveOrder.lean -o /workspace/scratch/ce6b142fd07d/Collatz-Conjecture-Work/publication/prove2me/collatz/.lake/build/lib/lean/Solutions/Sol_CollatzWork_YAH_noTwoStateSymbolAdditiveOrder.olean -i /workspace/scratch/ce6b142fd07d/Collatz-Conjecture-Work/publication/prove2me/collatz/.lake/build/lib/lean/Solutions/Sol_CollatzWork_YAH_noTwoStateSymbolAdditiveOrder.ilean -c /workspace/scratch/ce6b142fd07d/Collatz-Conjecture-Work/publication/prove2me/collatz/.lake/build/ir/Solutions/Sol_CollatzWork_YAH_noTwoStateSymbolAdditiveOrder.c --setup /workspace/scratch/ce6b142fd07d/Collatz-Conjecture-Work/publication/prove2me/collatz/.lake/build/ir/Solutions/Sol_CollatzWork_YAH_noTwoStateSymbolAdditiveOrder.setup.json --json
error: Solutions/Sol_CollatzWork_YAH_noTwoStateSymbolAdditiveOrder.lean:186:19: unknown universe level `u`
error: Solutions/Sol_CollatzWork_YAH_noTwoStateSymbolAdditiveOrder.lean:193:15: failed to synthesize instance of type class
  IntModule Nat

Hint: Type class instance resolution failures can be inspected with the `set_option trace.Meta.synthInstance true` command.
error: Solutions/Sol_CollatzWork_YAH_noTwoStateSymbolAdditiveOrder.lean:194:15: failed to synthesize instance of type class
  IntModule Nat

Hint: Type class instance resolution failures can be inspected with the `set_option trace.Meta.synthInstance true` command.
error: Lean exited with code 1
✖ [253/255] Building Solutions.Sol_CollatzWork_YAH_noBoundedBelowCanonicalFFPumpWords (678ms)
trace: .> LEAN_PATH=/workspace/scratch/ce6b142fd07d/Collatz-Conjecture-Work/publication/prove2me/collatz/.lake/build/lib/lean /workspace/scratch/ce6b142fd07d/lean-runtime/lean-4.33.1-linux/bin/lean /workspace/scratch/ce6b142fd07d/Collatz-Conjecture-Work/publication/prove2me/collatz/Solutions/Sol_CollatzWork_YAH_noBoundedBelowCanonicalFFPumpWords.lean -o /workspace/scratch/ce6b142fd07d/Collatz-Conjecture-Work/publication/prove2me/collatz/.lake/build/lib/lean/Solutions/Sol_CollatzWork_YAH_noBoundedBelowCanonicalFFPumpWords.olean -i /workspace/scratch/ce6b142fd07d/Collatz-Conjecture-Work/publication/prove2me/collatz/.lake/build/lib/lean/Solutions/Sol_CollatzWork_YAH_noBoundedBelowCanonicalFFPumpWords.ilean -c /workspace/scratch/ce6b142fd07d/Collatz-Conjecture-Work/publication/prove2me/collatz/.lake/build/ir/Solutions/Sol_CollatzWork_YAH_noBoundedBelowCanonicalFFPumpWords.c --setup /workspace/scratch/ce6b142fd07d/Collatz-Conjecture-Work/publication/prove2me/collatz/.lake/build/ir/Solutions/Sol_CollatzWork_YAH_noBoundedBelowCanonicalFFPumpWords.setup.json --json
error: Solutions/Sol_CollatzWork_YAH_noBoundedBelowCanonicalFFPumpWords.lean:256:19: unknown universe level `u`
error: Solutions/Sol_CollatzWork_YAH_noBoundedBelowCanonicalFFPumpWords.lean:265:15: failed to synthesize instance of type class
  IntModule Nat

Hint: Type class instance resolution failures can be inspected with the `set_option trace.Meta.synthInstance true` command.
error: Solutions/Sol_CollatzWork_YAH_noBoundedBelowCanonicalFFPumpWords.lean:266:15: failed to synthesize instance of type class
  IntModule Nat

Hint: Type class instance resolution failures can be inspected with the `set_option trace.Meta.synthInstance true` command.
error: Lean exited with code 1
✔ [254/255] Built Solutions.Sol_CollatzWork_YAH_edgeCertificate_cancellation (25s)
Some required targets logged failures:
- Solutions.Sol_CollatzWork_YAH_evalCoefficients_weightedCoefficient
- Solutions.Sol_CollatzWork_YAH_weightedGapSum_pos
- Solutions.Sol_CollatzWork_YAH_noTwoStateEdgeCertificateOrientation
- Solutions.Sol_CollatzWork_YAH_yah13_forces_ff_negative
- Solutions.Sol_CollatzWork_YAH_noTwoStateSymbolCertificateOrientation
- Solutions.Sol_CollatzWork_YAH_noTwoStateEdgeAdditiveOrder
- Solutions.Sol_CollatzWork_YAH_noTwoStateSymbolAdditiveOrder
- Solutions.Sol_CollatzWork_YAH_noBoundedBelowCanonicalFFPumpWords
error: build failed
