✔ [1/25] Built Definitions (562ms)
✔ [2/140] Built Definitions.Def_CollatzWork_InverseWordBoundaryStatement (850ms)
✔ [3/140] Built Definitions.Def_CollatzWork_AffineRepetitionStatement (844ms)
✔ [4/140] Built Definitions.Def_CollatzWork_Disproof_PolynomialRatchet (813ms)
✔ [5/140] Built Definitions.Def_CollatzWork_Disproof_BranchingCenter (795ms)
✔ [6/140] Built Definitions.Def_CollatzWork_Disproof_FiniteResidueFirstIntegral (749ms)
✔ [7/140] Built Definitions.Def_CollatzWork_BlockArithmetic (861ms)
✔ [8/140] Built Definitions.Def_CollatzWork_FloorPower (838ms)
✔ [9/140] Built Theorems (240ms)
✔ [10/140] Built Definitions.Def_ArchiveAlternatingGrowth (667ms)
✔ [11/140] Built Definitions.Def_ArchiveDescent (407ms)
⚠ [12/140] Built Theorems.Thm_CollatzWork_affineRecurrenceTelescope (585ms)
warning: Theorems/Thm_CollatzWork_affineRecurrenceTelescope.lean:6:8: declaration uses `sorry`
⚠ [13/140] Built Theorems.Thm_BlindCollatz_RepetitionBound_telescope (563ms)
warning: Theorems/Thm_BlindCollatz_RepetitionBound_telescope.lean:6:8: declaration uses `sorry`
⚠ [14/140] Built Theorems.Thm_CollatzWork_twoBurst_power_margin (579ms)
warning: Theorems/Thm_CollatzWork_twoBurst_power_margin.lean:6:8: declaration uses `sorry`
⚠ [15/140] Built Theorems.Thm_CollatzWork_residueAncestor_factor_unit (550ms)
warning: Theorems/Thm_CollatzWork_residueAncestor_factor_unit.lean:6:8: declaration uses `sorry`
⚠ [16/140] Built Theorems.Thm_CollatzWork_Disproof_BranchingCenter_centerTwoPowerOddNormalFormUnique (640ms)
warning: Theorems/Thm_CollatzWork_Disproof_BranchingCenter_centerTwoPowerOddNormalFormUnique.lean:7:8: declaration uses `sorry`
⚠ [17/140] Built Theorems.Thm_CollatzWork_Disproof_twoPumpCoefficientDependencies (521ms)
warning: Theorems/Thm_CollatzWork_Disproof_twoPumpCoefficientDependencies.lean:6:8: declaration uses `sorry`
✖ [18/140] Building Definitions.Def_CollatzWork_YAHFiniteObstructionStatement (1.7s)
trace: .> LEAN_PATH=/workspace/scratch/ce6b142fd07d/Collatz-Conjecture-Work/publication/prove2me/collatz/.lake/build/lib/lean /workspace/scratch/ce6b142fd07d/lean-runtime/lean-4.33.1-linux/bin/lean /workspace/scratch/ce6b142fd07d/Collatz-Conjecture-Work/publication/prove2me/collatz/Definitions/Def_CollatzWork_YAHFiniteObstructionStatement.lean -o /workspace/scratch/ce6b142fd07d/Collatz-Conjecture-Work/publication/prove2me/collatz/.lake/build/lib/lean/Definitions/Def_CollatzWork_YAHFiniteObstructionStatement.olean -i /workspace/scratch/ce6b142fd07d/Collatz-Conjecture-Work/publication/prove2me/collatz/.lake/build/lib/lean/Definitions/Def_CollatzWork_YAHFiniteObstructionStatement.ilean -c /workspace/scratch/ce6b142fd07d/Collatz-Conjecture-Work/publication/prove2me/collatz/.lake/build/ir/Definitions/Def_CollatzWork_YAHFiniteObstructionStatement.c --setup /workspace/scratch/ce6b142fd07d/Collatz-Conjecture-Work/publication/prove2me/collatz/.lake/build/ir/Definitions/Def_CollatzWork_YAHFiniteObstructionStatement.setup.json --json
error: Definitions/Def_CollatzWork_YAHFiniteObstructionStatement.lean:213:25: Unknown identifier `α`

Note: It is not possible to treat `α` as an implicitly bound variable here because the `autoImplicit` option is set to `false`.
error: Definitions/Def_CollatzWork_YAHFiniteObstructionStatement.lean:213:35: Unknown identifier `α`

Note: It is not possible to treat `α` as an implicitly bound variable here because the `autoImplicit` option is set to `false`.
error: Definitions/Def_CollatzWork_YAHFiniteObstructionStatement.lean:213:39: Unknown identifier `α`

Note: It is not possible to treat `α` as an implicitly bound variable here because the `autoImplicit` option is set to `false`.
error: Definitions/Def_CollatzWork_YAHFiniteObstructionStatement.lean:222:20: Unknown identifier `α`

Note: It is not possible to treat `α` as an implicitly bound variable here because the `autoImplicit` option is set to `false`.
error: Definitions/Def_CollatzWork_YAHFiniteObstructionStatement.lean:222:39: Unknown identifier `α`

Note: It is not possible to treat `α` as an implicitly bound variable here because the `autoImplicit` option is set to `false`.
error: Definitions/Def_CollatzWork_YAHFiniteObstructionStatement.lean:222:39: Unknown identifier `α`

Note: It is not possible to treat `α` as an implicitly bound variable here because the `autoImplicit` option is set to `false`.
error: Definitions/Def_CollatzWork_YAHFiniteObstructionStatement.lean:222:53: Unknown identifier `α`

Note: It is not possible to treat `α` as an implicitly bound variable here because the `autoImplicit` option is set to `false`.
warning: Definitions/Def_CollatzWork_YAHFiniteObstructionStatement.lean:225:4: declaration uses `sorry`
warning: Definitions/Def_CollatzWork_YAHFiniteObstructionStatement.lean:229:4: declaration uses `sorry`
warning: Definitions/Def_CollatzWork_YAHFiniteObstructionStatement.lean:232:4: declaration uses `sorry`
error: Definitions/Def_CollatzWork_YAHFiniteObstructionStatement.lean:236:51: Unknown identifier `ρ`

Note: It is not possible to treat `ρ` as an implicitly bound variable here because the `autoImplicit` option is set to `false`.
error: Definitions/Def_CollatzWork_YAHFiniteObstructionStatement.lean:237:13: Unknown identifier `ρ`

Note: It is not possible to treat `ρ` as an implicitly bound variable here because the `autoImplicit` option is set to `false`.
error: Definitions/Def_CollatzWork_YAHFiniteObstructionStatement.lean:237:17: Unknown identifier `φ`

Note: It is not possible to treat `φ` as an implicitly bound variable here because the `autoImplicit` option is set to `false`.
error: Definitions/Def_CollatzWork_YAHFiniteObstructionStatement.lean:237:37: Unknown identifier `φ`

Note: It is not possible to treat `φ` as an implicitly bound variable here because the `autoImplicit` option is set to `false`.
error: Definitions/Def_CollatzWork_YAHFiniteObstructionStatement.lean:242:29: unknown universe level `u`
error: Definitions/Def_CollatzWork_YAHFiniteObstructionStatement.lean:243:31: Unknown identifier `ρ`

Note: It is not possible to treat `ρ` as an implicitly bound variable here because the `autoImplicit` option is set to `false`.
error: Definitions/Def_CollatzWork_YAHFiniteObstructionStatement.lean:243:42: Unknown identifier `ρ`

Note: It is not possible to treat `ρ` as an implicitly bound variable here because the `autoImplicit` option is set to `false`.
error: Definitions/Def_CollatzWork_YAHFiniteObstructionStatement.lean:247:31: unknown universe level `u`
error: Definitions/Def_CollatzWork_YAHFiniteObstructionStatement.lean:248:21: Unknown identifier `φ`

Note: It is not possible to treat `φ` as an implicitly bound variable here because the `autoImplicit` option is set to `false`.
error: Definitions/Def_CollatzWork_YAHFiniteObstructionStatement.lean:248:34: Unknown identifier `φ`

Note: It is not possible to treat `φ` as an implicitly bound variable here because the `autoImplicit` option is set to `false`.
error: Definitions/Def_CollatzWork_YAHFiniteObstructionStatement.lean:248:50: Unknown identifier `φ`

Note: It is not possible to treat `φ` as an implicitly bound variable here because the `autoImplicit` option is set to `false`.
error: Lean exited with code 1
⚠ [22/140] Built Theorems.Thm_CollatzWork_Disproof_FiniteResidueFirstIntegral_commutator_transitive_forces_constant (498ms)
warning: Theorems/Thm_CollatzWork_Disproof_FiniteResidueFirstIntegral_commutator_transitive_forces_constant.lean:7:8: declaration uses `sorry`
⚠ [24/140] Built Theorems.Thm_CollatzWork_prefixReturnBernoulli (582ms)
warning: Theorems/Thm_CollatzWork_prefixReturnBernoulli.lean:6:8: declaration uses `sorry`
⚠ [25/140] Built Theorems.Thm_CollatzWork_finitePalette_path_obstruction (520ms)
warning: Theorems/Thm_CollatzWork_finitePalette_path_obstruction.lean:6:8: declaration uses `sorry`
⚠ [26/140] Built Theorems.Thm_CollatzWork_Disproof_secondRotatedDeterminantCoefficients (498ms)
warning: Theorems/Thm_CollatzWork_Disproof_secondRotatedDeterminantCoefficients.lean:6:8: declaration uses `sorry`
⚠ [27/140] Built Theorems.Thm_CollatzWork_Disproof_twoPumpSyzygy (580ms)
warning: Theorems/Thm_CollatzWork_Disproof_twoPumpSyzygy.lean:6:8: declaration uses `sorry`
⚠ [28/140] Built Theorems.Thm_CollatzWork_Disproof_quotientDegreesVanish (584ms)
warning: Theorems/Thm_CollatzWork_Disproof_quotientDegreesVanish.lean:6:8: declaration uses `sorry`
⚠ [29/140] Built Theorems.Thm_CollatzWork_Disproof_twoPowerOddNormalFormUnique (539ms)
warning: Theorems/Thm_CollatzWork_Disproof_twoPowerOddNormalFormUnique.lean:7:8: declaration uses `sorry`
⚠ [30/140] Built Theorems.Thm_CollatzWork_Disproof_firstRotatedDeterminantCoefficients (552ms)
warning: Theorems/Thm_CollatzWork_Disproof_firstRotatedDeterminantCoefficients.lean:6:8: declaration uses `sorry`
⚠ [31/140] Built Theorems.Thm_CollatzWork_equalSlopeSmaller (438ms)
warning: Theorems/Thm_CollatzWork_equalSlopeSmaller.lean:7:8: declaration uses `sorry`
⚠ [32/140] Built Theorems.Thm_CollatzWork_equalSlopeWitness (444ms)
warning: Theorems/Thm_CollatzWork_equalSlopeWitness.lean:7:8: declaration uses `sorry`
⚠ [33/140] Built Theorems.Thm_BlindCollatz_AlternatingGrowth_odd_exponents_one_two (516ms)
warning: Theorems/Thm_BlindCollatz_AlternatingGrowth_odd_exponents_one_two.lean:6:8: declaration uses `sorry`
✔ [34/140] Built Definitions.Def_CollatzWork_ConvergenceStatement (521ms)
⚠ [35/140] Built Theorems.Thm_CollatzWork_floorPower_mul (514ms)
warning: Theorems/Thm_CollatzWork_floorPower_mul.lean:7:8: declaration uses `sorry`
⚠ [36/140] Built Theorems.Thm_CollatzWork_blockNumerator12_exact_bound (500ms)
warning: Theorems/Thm_CollatzWork_blockNumerator12_exact_bound.lean:7:8: declaration uses `sorry`
⚠ [37/140] Built Theorems.Thm_BlindCollatz_descent_iff_convergence (475ms)
warning: Theorems/Thm_BlindCollatz_descent_iff_convergence.lean:7:8: declaration uses `sorry`
⚠ [43/140] Built Theorems.Thm_BlindCollatz_AlternatingGrowth_ordinary_five (544ms)
warning: Theorems/Thm_BlindCollatz_AlternatingGrowth_ordinary_five.lean:7:8: declaration uses `sorry`
⚠ [51/140] Built Theorems.Thm_BlindCollatz_AlternatingGrowth_goodBlocks_each_block_grows (572ms)
warning: Theorems/Thm_BlindCollatz_AlternatingGrowth_goodBlocks_each_block_grows.lean:7:8: declaration uses `sorry`
⚠ [54/140] Built Theorems.Thm_BlindCollatz_AlternatingGrowth_arbitrarily_long_expansion (589ms)
warning: Theorems/Thm_BlindCollatz_AlternatingGrowth_arbitrarily_long_expansion.lean:7:8: declaration uses `sorry`
⚠ [55/140] Built Theorems.Thm_BlindCollatz_RepetitionBound_no_infinite_alternating_blocks (493ms)
warning: Theorems/Thm_BlindCollatz_RepetitionBound_no_infinite_alternating_blocks.lean:7:8: declaration uses `sorry`
⚠ [56/140] Built Theorems.Thm_BlindCollatz_RepetitionBound_no_infinite_expanding_affine_blocks (611ms)
warning: Theorems/Thm_BlindCollatz_RepetitionBound_no_infinite_expanding_affine_blocks.lean:7:8: declaration uses `sorry`
⚠ [57/140] Built Theorems.Thm_CollatzWork_fixedRatioDivisibility (654ms)
warning: Theorems/Thm_CollatzWork_fixedRatioDivisibility.lean:8:8: declaration uses `sorry`
⚠ [58/140] Built Theorems.Thm_BlindCollatz_RepetitionBound_alternating_repetition_bound (656ms)
warning: Theorems/Thm_BlindCollatz_RepetitionBound_alternating_repetition_bound.lean:7:8: declaration uses `sorry`
⚠ [59/140] Built Theorems.Thm_BlindCollatz_RepetitionBound_affine_repetition_bound (744ms)
warning: Theorems/Thm_BlindCollatz_RepetitionBound_affine_repetition_bound.lean:7:8: declaration uses `sorry`
⚠ [60/140] Built Theorems.Thm_CollatzWork_Disproof_BranchingCenter_branchingCenterEquationRigid (714ms)
warning: Theorems/Thm_CollatzWork_Disproof_BranchingCenter_branchingCenterEquationRigid.lean:8:8: declaration uses `sorry`
⚠ [61/140] Built Theorems.Thm_CollatzWork_Disproof_noNonresonantContentGain (584ms)
warning: Theorems/Thm_CollatzWork_Disproof_noNonresonantContentGain.lean:8:8: declaration uses `sorry`
⚠ [62/140] Built Theorems.Thm_CollatzWork_Disproof_twoPumpConstantObstructionVanishes (549ms)
warning: Theorems/Thm_CollatzWork_Disproof_twoPumpConstantObstructionVanishes.lean:7:8: declaration uses `sorry`
⚠ [63/140] Built Theorems.Thm_CollatzWork_prefixReturnNumericalBound (614ms)
warning: Theorems/Thm_CollatzWork_prefixReturnNumericalBound.lean:8:8: declaration uses `sorry`
✔ [64/140] Built Definitions.Def_CollatzWork_RootDescentStatement (601ms)
✔ [65/140] Built Definitions.Def_CollatzWork_ExcursionBudgetStatement (694ms)
✔ [70/255] Built Definitions.Def_CollatzWork_TwoBurstStatement (473ms)
✔ [71/255] Built Definitions.Def_CollatzWork_FinitePaletteObstructionStatement (509ms)
✔ [92/255] Built Definitions.Def_CollatzWork_ResidueAncestorStatement (589ms)
✔ [93/255] Built Definitions.Def_CollatzWork_PrefixCollisionStatement (525ms)
✔ [94/255] Built Definitions.Def_CollatzWork_RefinedMersenneChild (582ms)
✔ [95/255] Built Definitions.Def_CollatzWork_QuarterGapStatement (621ms)
⚠ [96/255] Built Theorems.Thm_BlindCollatz_AlternatingGrowth_shortcut_three_eq_ordinary_five (590ms)
warning: Theorems/Thm_BlindCollatz_AlternatingGrowth_shortcut_three_eq_ordinary_five.lean:8:8: declaration uses `sorry`
⚠ [97/255] Built Theorems.Thm_CollatzWork_excursionBudgetDescent (544ms)
warning: Theorems/Thm_CollatzWork_excursionBudgetDescent.lean:8:8: declaration uses `sorry`
✔ [98/255] Built Solutions (330ms)
⚠ [99/255] Built Theorems.Thm_CollatzWork_finiteRepetitionBound (614ms)
warning: Theorems/Thm_CollatzWork_finiteRepetitionBound.lean:8:8: declaration uses `sorry`
✔ [100/255] Built Solutions.Sol_CollatzWork_residueAncestor_factor_unit (619ms)
✔ [101/255] Built Solutions.Sol_CollatzWork_fixedRatioDivisibility (535ms)
✔ [102/255] Built Solutions.Sol_CollatzWork_excursionBudgetDescent (741ms)
✔ [103/255] Built Solutions.Sol_CollatzWork_Disproof_BranchingCenter_branchingCenterEquationRigid (769ms)
✔ [104/255] Built Solutions.Sol_CollatzWork_finitePalette_path_obstruction (889ms)
✔ [105/255] Built Solutions.Sol_BlindCollatz_RepetitionBound_affine_repetition_bound (804ms)
✔ [106/255] Built Solutions.Sol_BlindCollatz_descent_iff_convergence (724ms)
✔ [107/255] Built Solutions.Sol_CollatzWork_equalSlopeWitness (955ms)
✔ [108/255] Built Solutions.Sol_CollatzWork_equalSlopeSmaller (657ms)
⚠ [109/255] Built Solutions.Sol_CollatzWork_twoBurst_power_margin (1.3s)
warning: Solutions/Sol_CollatzWork_twoBurst_power_margin.lean:70:43: This simp argument is unused:
  Nat.mul_left_comm

Hint: Omit it from the simp argument list.
  [apply] simp [Nat.mul_assoc, Nat.mul_comm]

Note: This linter can be disabled with `set_option linter.unusedSimpArgs false`
✔ [110/255] Built Solutions.Sol_CollatzWork_prefixReturnBernoulli (827ms)
✔ [111/255] Built Solutions.Sol_BlindCollatz_AlternatingGrowth_goodBlocks_each_block_grows (974ms)
✔ [112/255] Built Solutions.Sol_CollatzWork_finiteRepetitionBound (621ms)
✔ [113/255] Built Solutions.Sol_CollatzWork_Disproof_twoPowerOddNormalFormUnique (571ms)
✔ [114/255] Built Solutions.Sol_CollatzWork_Disproof_BranchingCenter_centerTwoPowerOddNormalFormUnique (702ms)
✔ [115/255] Built Solutions.Sol_BlindCollatz_RepetitionBound_alternating_repetition_bound (618ms)
✔ [116/255] Built Solutions.Sol_CollatzWork_Disproof_secondRotatedDeterminantCoefficients (1.1s)
✔ [117/255] Built Solutions.Sol_BlindCollatz_AlternatingGrowth_arbitrarily_long_expansion (1.1s)
✔ [118/255] Built Solutions.Sol_CollatzWork_Disproof_FiniteResidueFirstIntegral_commutator_transitive_forces_constant (621ms)
✔ [119/255] Built Solutions.Sol_BlindCollatz_RepetitionBound_telescope (541ms)
✔ [120/255] Built Solutions.Sol_CollatzWork_Disproof_quotientDegreesVanish (522ms)
✔ [121/255] Built Solutions.Sol_CollatzWork_prefixReturnNumericalBound (767ms)
✔ [122/255] Built Solutions.Sol_CollatzWork_Disproof_twoPumpSyzygy (724ms)
✔ [123/255] Built Solutions.Sol_BlindCollatz_AlternatingGrowth_odd_exponents_one_two (581ms)
✔ [124/255] Built Solutions.Sol_CollatzWork_Disproof_twoPumpCoefficientDependencies (819ms)
⚠ [125/255] Built Solutions.Sol_CollatzWork_floorPower_mul (614ms)
warning: Solutions/Sol_CollatzWork_floorPower_mul.lean:40:20: This simp argument is unused:
  Nat.mul_left_comm

Hint: Omit it from the simp argument list.
  [apply] simp only [Nat.pow_add, Nat.pow_succ, Nat.mul_assoc, Nat.mul_comm]

Note: This linter can be disabled with `set_option linter.unusedSimpArgs false`
✔ [126/255] Built Solutions.Sol_CollatzWork_Disproof_noNonresonantContentGain (578ms)
✔ [127/255] Built Solutions.Sol_BlindCollatz_RepetitionBound_no_infinite_alternating_blocks (806ms)
✔ [128/255] Built Solutions.Sol_CollatzWork_affineRecurrenceTelescope (592ms)
✔ [129/255] Built Solutions.Sol_CollatzWork_Disproof_firstRotatedDeterminantCoefficients (1.2s)
✔ [130/255] Built Solutions.Sol_BlindCollatz_RepetitionBound_no_infinite_expanding_affine_blocks (988ms)
✔ [131/255] Built Solutions.Sol_BlindCollatz_AlternatingGrowth_ordinary_five (1.1s)
⚠ [132/255] Built Theorems.Thm_CollatzWork_parityPrefix_dvd_sub_of_le (751ms)
warning: Theorems/Thm_CollatzWork_parityPrefix_dvd_sub_of_le.lean:8:8: declaration uses `sorry`
✔ [133/255] Built Solutions.Sol_CollatzWork_Disproof_twoPumpConstantObstructionVanishes (1.0s)
⚠ [134/255] Built Solutions.Sol_CollatzWork_orbitAffine (941ms)
warning: Solutions/Sol_CollatzWork_orbitAffine.lean:83:49: This simp argument is unused:
  Nat.mul_assoc

Hint: Omit it from the simp argument list.
  [apply] simp [Nat.pow_succ, Nat.mul_add, Nat.mul_comm, Nat.mul_left_comm, Nat.add_assoc]

Note: This linter can be disabled with `set_option linter.unusedSimpArgs false`
✔ [135/255] Built Solutions.Sol_BlindCollatz_AlternatingGrowth_shortcut_three_eq_ordinary_five (1.3s)
✔ [136/255] Built Solutions.Sol_CollatzWork_parityPrefix_dvd_sub_of_le (1.4s)
✔ [137/255] Built Solutions.Sol_CollatzWork_mechanicalEnvelope (761ms)
✔ [138/255] Built Solutions.Sol_CollatzWork_affineQuarterCertificate (783ms)
✔ [139/255] Built Definitions.Def_CollatzWork_QuarterGapUniversalStatement (525ms)
✔ [140/255] Built Definitions.Def_CollatzWork_FirstContractionStatement (574ms)
⚠ [142/255] Built Solutions.Sol_CollatzWork_blockNumerator12_exact_bound (2.7s)
warning: Solutions/Sol_CollatzWork_blockNumerator12_exact_bound.lean:8:30: Variable name `hB` is not explicitly referenced.

Hint: The binding can be removed (if unused) or named `_` (if used implicitly). Alternatively, prefix the name with `_` to silence this warning:
  [apply] _hB

Note: This linter can be disabled with `set_option linter.unusedVariables false`
⚠ [143/255] Built Theorems.Thm_CollatzWork_orbitAffine (535ms)
warning: Theorems/Thm_CollatzWork_orbitAffine.lean:9:8: declaration uses `sorry`
⚠ [144/255] Built Theorems.Thm_CollatzWork_mechanicalEnvelope (518ms)
warning: Theorems/Thm_CollatzWork_mechanicalEnvelope.lean:8:8: declaration uses `sorry`
⚠ [145/255] Built Theorems.Thm_CollatzWork_affineQuarterCertificate (381ms)
warning: Theorems/Thm_CollatzWork_affineQuarterCertificate.lean:7:8: declaration uses `sorry`
⚠ [146/255] Built Theorems.Thm_CollatzWork_mechanical_twelve_identity (544ms)
warning: Theorems/Thm_CollatzWork_mechanical_twelve_identity.lean:10:8: declaration uses `sorry`
✔ [147/255] Built Solutions.Sol_CollatzWork_shiftedEnvelope_compose (641ms)
✔ [148/255] Built Solutions.Sol_CollatzWork_mechanical_twelve_identity (1.4s)
✔ [149/255] Built Solutions.Sol_CollatzWork_converges_shortcutIter_iff (622ms)
✔ [150/255] Built Solutions.Sol_CollatzWork_terminalEnvelope_compose (714ms)
✔ [151/255] Built Solutions.Sol_CollatzWork_residueAncestor_tail38 (779ms)
✔ [152/255] Built Solutions.Sol_CollatzWork_shortcutIter_OOE (794ms)
✔ [153/255] Built Solutions.Sol_CollatzWork_residueAncestor_tail11 (814ms)
✔ [154/255] Built Solutions.Sol_CollatzWork_compatibleProduct_mod_four (1.2s)
✔ [155/255] Built Solutions.Sol_CollatzWork_residueAncestor_tail92 (1.0s)
⚠ [156/255] Built Theorems.Thm_CollatzWork_residueAncestor_tail173 (744ms)
warning: Theorems/Thm_CollatzWork_residueAncestor_tail173.lean:9:8: declaration uses `sorry`
✔ [157/255] Built Solutions.Sol_CollatzWork_oddRun (937ms)
⚠ [158/255] Built Theorems.Thm_CollatzWork_oddRun (622ms)
warning: Theorems/Thm_CollatzWork_oddRun.lean:9:8: declaration uses `sorry`
✔ [159/255] Built Solutions.Sol_CollatzWork_refinedChild_arithmetic (1.1s)
✔ [160/255] Built Solutions.Sol_CollatzWork_residueAncestor_tail65 (999ms)
✔ [161/255] Built Solutions.Sol_CollatzWork_residueAncestor_tail173 (1.0s)
⚠ [162/255] Built Theorems.Thm_CollatzWork_residueAncestor_tail38 (686ms)
warning: Theorems/Thm_CollatzWork_residueAncestor_tail38.lean:9:8: declaration uses `sorry`
⚠ [163/255] Built Theorems.Thm_CollatzWork_residueAncestor_tail65 (543ms)
warning: Theorems/Thm_CollatzWork_residueAncestor_tail65.lean:9:8: declaration uses `sorry`
⚠ [164/255] Built Theorems.Thm_CollatzWork_residueAncestor_tail11 (575ms)
warning: Theorems/Thm_CollatzWork_residueAncestor_tail11.lean:9:8: declaration uses `sorry`
⚠ [165/255] Built Theorems.Thm_CollatzWork_residueAncestor_tail92 (596ms)
warning: Theorems/Thm_CollatzWork_residueAncestor_tail92.lean:9:8: declaration uses `sorry`
⚠ [166/255] Built Theorems.Thm_CollatzWork_converges_shortcutIter_iff (501ms)
warning: Theorems/Thm_CollatzWork_converges_shortcutIter_iff.lean:9:8: declaration uses `sorry`
⚠ [167/255] Built Theorems.Thm_CollatzWork_shortcutIter_OOE (613ms)
warning: Theorems/Thm_CollatzWork_shortcutIter_OOE.lean:9:8: declaration uses `sorry`
⚠ [168/255] Built Theorems.Thm_CollatzWork_refinedChild_arithmetic (504ms)
warning: Theorems/Thm_CollatzWork_refinedChild_arithmetic.lean:7:8: declaration uses `sorry`
⚠ [169/255] Built Theorems.Thm_CollatzWork_shiftedEnvelope_compose (532ms)
warning: Theorems/Thm_CollatzWork_shiftedEnvelope_compose.lean:9:8: declaration uses `sorry`
⚠ [170/255] Built Theorems.Thm_CollatzWork_terminalEnvelope_compose (563ms)
warning: Theorems/Thm_CollatzWork_terminalEnvelope_compose.lean:9:8: declaration uses `sorry`
⚠ [171/255] Built Theorems.Thm_CollatzWork_compatibleProduct_mod_four (568ms)
warning: Theorems/Thm_CollatzWork_compatibleProduct_mod_four.lean:7:8: declaration uses `sorry`
⚠ [172/255] Built Theorems.Thm_CollatzWork_affineRepetitionBound (452ms)
warning: Theorems/Thm_CollatzWork_affineRepetitionBound.lean:8:8: declaration uses `sorry`
✔ [173/255] Built Solutions.Sol_CollatzWork_noInfinitePositiveRecurrence (513ms)
⚠ [174/255] Built Theorems.Thm_CollatzWork_prefixSeparation (497ms)
warning: Theorems/Thm_CollatzWork_prefixSeparation.lean:9:8: declaration uses `sorry`
✔ [175/255] Built Solutions.Sol_CollatzWork_affineRepetitionBound (707ms)
⚠ [176/255] Built Theorems.Thm_CollatzWork_prefixCollision (525ms)
warning: Theorems/Thm_CollatzWork_prefixCollision.lean:9:8: declaration uses `sorry`
⚠ [177/255] Built Theorems.Thm_CollatzWork_noInfinitePositiveRecurrence (535ms)
warning: Theorems/Thm_CollatzWork_noInfinitePositiveRecurrence.lean:8:8: declaration uses `sorry`
⚠ [178/255] Built Theorems.Thm_CollatzWork_mechanical_fifteen_failure (443ms)
warning: Theorems/Thm_CollatzWork_mechanical_fifteen_failure.lean:11:8: declaration uses `sorry`
✔ [179/255] Built Solutions.Sol_CollatzWork_prefixCollision (596ms)
✔ [180/255] Built Solutions.Sol_CollatzWork_prefixSeparation (665ms)
✔ [181/255] Built Solutions.Sol_CollatzWork_mechanical_fifteen_failure (510ms)
⚠ [182/255] Built Theorems.Thm_CollatzWork_firstContractionTime (432ms)
warning: Theorems/Thm_CollatzWork_firstContractionTime.lean:9:8: declaration uses `sorry`
⚠ [183/255] Built Theorems.Thm_CollatzWork_firstContraction_quarter_of_certificate (539ms)
warning: Theorems/Thm_CollatzWork_firstContraction_quarter_of_certificate.lean:11:8: declaration uses `sorry`
⚠ [184/255] Built Theorems.Thm_CollatzWork_mechanicalCoarseBound (567ms)
warning: Theorems/Thm_CollatzWork_mechanicalCoarseBound.lean:8:8: declaration uses `sorry`
✔ [185/255] Built Solutions.Sol_CollatzWork_firstContractionTime (637ms)
⚠ [186/255] Built Solutions.Sol_CollatzWork_mechanicalCoarseBound (628ms)
warning: Solutions/Sol_CollatzWork_mechanicalCoarseBound.lean:23:43: This simp argument is unused:
  Nat.mul_add

Hint: Omit it from the simp argument list.
  [apply] simp [Nat.pow_succ, Nat.add_mul, Nat.mul_assoc, Nat.mul_comm, Nat.mul_left_comm]

Note: This linter can be disabled with `set_option linter.unusedSimpArgs false`
warning: Solutions/Sol_CollatzWork_mechanicalCoarseBound.lean:23:56: This simp argument is unused:
  Nat.mul_assoc

Hint: Omit it from the simp argument list.
  [apply] simp [Nat.pow_succ, Nat.add_mul, Nat.mul_add, Nat.mul_comm, Nat.mul_left_comm]

Note: This linter can be disabled with `set_option linter.unusedSimpArgs false`
⚠ [187/255] Built Theorems.Thm_CollatzWork_mechanical_twelve_propagation (495ms)
warning: Theorems/Thm_CollatzWork_mechanical_twelve_propagation.lean:11:8: declaration uses `sorry`
✔ [188/255] Built Solutions.Sol_CollatzWork_firstContraction_quarter_of_certificate (571ms)
⚠ [189/255] Built Theorems.Thm_CollatzWork_rootDescentAncestor (641ms)
warning: Theorems/Thm_CollatzWork_rootDescentAncestor.lean:11:8: declaration uses `sorry`
✔ [190/255] Built Solutions.Sol_CollatzWork_mechanical_twelve_propagation (806ms)
✔ [191/255] Built Solutions.Sol_CollatzWork_converges_iff_of_coalesces (545ms)
⚠ [192/255] Built Theorems.Thm_CollatzWork_residueAncestor_refinedTail (795ms)
warning: Theorems/Thm_CollatzWork_residueAncestor_refinedTail.lean:12:8: declaration uses `sorry`
⚠ [193/255] Built Theorems.Thm_CollatzWork_rootDescentBurst (671ms)
warning: Theorems/Thm_CollatzWork_rootDescentBurst.lean:11:8: declaration uses `sorry`
⚠ [194/255] Built Theorems.Thm_CollatzWork_converges_iff_of_coalesces (659ms)
warning: Theorems/Thm_CollatzWork_converges_iff_of_coalesces.lean:8:8: declaration uses `sorry`
✔ [195/255] Built Solutions.Sol_CollatzWork_rootDescentAncestor (1.1s)
✔ [196/255] Built Solutions.Sol_CollatzWork_mersenne_prefix_nondecreasing (1.0s)
⚠ [197/255] Built Theorems.Thm_CollatzWork_mersenne_prefix_nondecreasing (607ms)
warning: Theorems/Thm_CollatzWork_mersenne_prefix_nondecreasing.lean:10:8: declaration uses `sorry`
⚠ [198/255] Built Theorems.Thm_CollatzWork_excursionChainEnvelope (436ms)
warning: Theorems/Thm_CollatzWork_excursionChainEnvelope.lean:9:8: declaration uses `sorry`
✔ [199/255] Built Solutions.Sol_CollatzWork_rootDescentBurst (743ms)
⚠ [200/255] Built Solutions.Sol_CollatzWork_excursionChainEnvelope (710ms)
warning: Solutions/Sol_CollatzWork_excursionChainEnvelope.lean:15:70: This simp argument is unused:
  shortcutIter

Hint: Omit it from the simp argument list.
  [apply] simp [excursionDenominator, excursionNumerator, excursionSteps]

Note: This linter can be disabled with `set_option linter.unusedSimpArgs false`
✔ [201/255] Built Solutions.Sol_CollatzWork_residueAncestor_refinedTail (1.5s)
⚠ [202/255] Built Theorems.Thm_CollatzWork_refinedParent_iter (662ms)
warning: Theorems/Thm_CollatzWork_refinedParent_iter.lean:11:8: declaration uses `sorry`
✔ [203/255] Built Solutions.Sol_CollatzWork_refinedParent_iter (842ms)
⚠ [204/255] Built Theorems.Thm_CollatzWork_refinedChild_iter (689ms)
warning: Theorems/Thm_CollatzWork_refinedChild_iter.lean:11:8: declaration uses `sorry`
✔ [205/255] Built Solutions.Sol_CollatzWork_noInfiniteExpandingAffineBlocks (651ms)
⚠ [206/255] Built Theorems.Thm_CollatzWork_noInfiniteExpandingAffineBlocks (577ms)
warning: Theorems/Thm_CollatzWork_noInfiniteExpandingAffineBlocks.lean:8:8: declaration uses `sorry`
⚠ [207/255] Built Theorems.Thm_CollatzWork_firstContractionThirdGap (570ms)
warning: Theorems/Thm_CollatzWork_firstContractionThirdGap.lean:12:8: declaration uses `sorry`
✔ [208/255] Built Solutions.Sol_CollatzWork_firstContractionThirdGap (586ms)
✔ [209/255] Built Solutions.Sol_CollatzWork_mechanical_large_bound (738ms)
⚠ [210/255] Built Theorems.Thm_CollatzWork_residueAncestor_prefix_one (612ms)
warning: Theorems/Thm_CollatzWork_residueAncestor_prefix_one.lean:8:8: declaration uses `sorry`
⚠ [211/255] Built Theorems.Thm_CollatzWork_residueAncestor_prefix_two (574ms)
warning: Theorems/Thm_CollatzWork_residueAncestor_prefix_two.lean:8:8: declaration uses `sorry`
⚠ [212/255] Built Theorems.Thm_CollatzWork_mechanical_large_bound (724ms)
warning: Theorems/Thm_CollatzWork_mechanical_large_bound.lean:9:8: declaration uses `sorry`
✔ [213/255] Built Solutions.Sol_CollatzWork_allPositiveConverge_of_smallerCoalescence (582ms)
✔ [214/255] Built Solutions.Sol_CollatzWork_residueAncestor_prefix_two (617ms)
✔ [215/255] Built Solutions.Sol_CollatzWork_residueAncestor_prefix_one (789ms)
⚠ [216/255] Built Theorems.Thm_CollatzWork_allPositiveConverge_of_smallerCoalescence (615ms)
warning: Theorems/Thm_CollatzWork_allPositiveConverge_of_smallerCoalescence.lean:8:8: declaration uses `sorry`
✔ [217/255] Built Solutions.Sol_CollatzWork_refinedChild_iter (1.8s)
⚠ [218/255] Built Theorems.Thm_CollatzWork_rootDescent (444ms)
warning: Theorems/Thm_CollatzWork_rootDescent.lean:11:8: declaration uses `sorry`
⚠ [219/255] Built Theorems.Thm_CollatzWork_twoBurstDescent (549ms)
warning: Theorems/Thm_CollatzWork_twoBurstDescent.lean:12:8: declaration uses `sorry`
⚠ [220/255] Built Theorems.Thm_CollatzWork_finitePaletteObstruction (497ms)
warning: Theorems/Thm_CollatzWork_finitePaletteObstruction.lean:12:8: declaration uses `sorry`
✔ [221/255] Built Solutions.Sol_CollatzWork_excursionChain_terminal_descent (587ms)
✔ [222/255] Built Solutions.Sol_CollatzWork_finitePaletteObstruction (744ms)
✔ [223/255] Built Solutions.Sol_CollatzWork_refinedMersenneChild_coalesces (597ms)
⚠ [224/255] Built Theorems.Thm_CollatzWork_refinedMersenneChild_coalesces (620ms)
warning: Theorems/Thm_CollatzWork_refinedMersenneChild_coalesces.lean:10:8: declaration uses `sorry`
⚠ [225/255] Built Theorems.Thm_CollatzWork_excursionChain_terminal_descent (704ms)
warning: Theorems/Thm_CollatzWork_excursionChain_terminal_descent.lean:11:8: declaration uses `sorry`
✔ [226/255] Built Solutions.Sol_CollatzWork_rootDescent (977ms)
⚠ [227/255] Built Theorems.Thm_CollatzWork_universalMechanicalQuarterCertificate (697ms)
warning: Theorems/Thm_CollatzWork_universalMechanicalQuarterCertificate.lean:9:8: declaration uses `sorry`
⚠ [228/255] Built Theorems.Thm_CollatzWork_residueAncestor_normalized (543ms)
warning: Theorems/Thm_CollatzWork_residueAncestor_normalized.lean:12:8: declaration uses `sorry`
✔ [229/255] Built Solutions.Sol_CollatzWork_smallerCoalescenceCriterion (564ms)
✔ [230/255] Built Solutions.Sol_CollatzWork_descentCriterion (518ms)
⚠ [231/255] Built Theorems.Thm_CollatzWork_smallerCoalescenceCriterion (596ms)
warning: Theorems/Thm_CollatzWork_smallerCoalescenceCriterion.lean:8:8: declaration uses `sorry`
⚠ [232/255] Built Theorems.Thm_CollatzWork_descentCriterion (503ms)
warning: Theorems/Thm_CollatzWork_descentCriterion.lean:8:8: declaration uses `sorry`
✔ [233/255] Built Solutions.Sol_CollatzWork_twoBurstDescent (1.6s)
⚠ [234/255] Built Theorems.Thm_CollatzWork_rootDescent_converges_of_smaller (568ms)
warning: Theorems/Thm_CollatzWork_rootDescent_converges_of_smaller.lean:9:8: declaration uses `sorry`
✔ [235/255] Built Solutions.Sol_CollatzWork_rootDescent_converges_of_smaller (584ms)
⚠ [236/255] Built Theorems.Thm_CollatzWork_twoBurst_converges_of_smaller (703ms)
warning: Theorems/Thm_CollatzWork_twoBurst_converges_of_smaller.lean:9:8: declaration uses `sorry`
✔ [237/255] Built Solutions.Sol_CollatzWork_universalMechanicalQuarterCertificate (1.5s)
✔ [238/255] Built Solutions.Sol_CollatzWork_twoBurst_converges_of_smaller (606ms)
⚠ [239/255] Built Theorems.Thm_CollatzWork_excursionChain_converges_of_smaller (623ms)
warning: Theorems/Thm_CollatzWork_excursionChain_converges_of_smaller.lean:11:8: declaration uses `sorry`
✔ [240/255] Built Solutions.Sol_CollatzWork_excursionChain_converges_of_smaller (734ms)
✔ [241/255] Built Solutions.Sol_CollatzWork_refinedParent_converges_iff_child (684ms)
⚠ [242/255] Built Theorems.Thm_CollatzWork_refinedParent_converges_iff_child (596ms)
warning: Theorems/Thm_CollatzWork_refinedParent_converges_iff_child.lean:10:8: declaration uses `sorry`
⚠ [243/255] Built Theorems.Thm_CollatzWork_refinedParent_has_smaller_coalescence (534ms)
warning: Theorems/Thm_CollatzWork_refinedParent_has_smaller_coalescence.lean:10:8: declaration uses `sorry`
⚠ [244/255] Built Theorems.Thm_CollatzWork_firstContractionQuarterGap (534ms)
warning: Theorems/Thm_CollatzWork_firstContractionQuarterGap.lean:12:8: declaration uses `sorry`
✔ [245/255] Built Solutions.Sol_CollatzWork_refinedParent_has_smaller_coalescence (581ms)
⚠ [246/255] Built Theorems.Thm_CollatzWork_residueAncestor (546ms)
warning: Theorems/Thm_CollatzWork_residueAncestor.lean:8:8: declaration uses `sorry`
✔ [247/255] Built Solutions.Sol_CollatzWork_firstContractionQuarterGap (549ms)
✔ [248/255] Built Solutions.Sol_CollatzWork_residueAncestor (534ms)
✔ [249/255] Built Solutions.Sol_CollatzWork_refinedParent_converges_of_smaller (432ms)
⚠ [250/255] Built Theorems.Thm_CollatzWork_refinedParent_converges_of_smaller (494ms)
warning: Theorems/Thm_CollatzWork_refinedParent_converges_of_smaller.lean:10:8: declaration uses `sorry`
⚠ [251/255] Built Theorems.Thm_CollatzWork_residueAncestor_of_divisibility (433ms)
warning: Theorems/Thm_CollatzWork_residueAncestor_of_divisibility.lean:10:8: declaration uses `sorry`
✔ [253/255] Built Solutions.Sol_CollatzWork_residueAncestor_of_divisibility (493ms)
✔ [254/255] Built Solutions.Sol_CollatzWork_residueAncestor_normalized (12s)
Some required targets logged failures:
- Definitions.Def_CollatzWork_YAHFiniteObstructionStatement
error: build failed
